Java HotSpot(TM) 64-Bit Server VM (25.51-b03) for bsd-amd64 JRE (1.8.0_51-b16), built on Jun  8 2015 18:01:11 by "java_re" with gcc 4.2.1 (Based on Apple Inc. build 5658) (LLVM build 2336.11.00)
Memory: 4k page, physical 8388608k(91912k free)

/proc/meminfo:

CommandLine flags: -XX:CMSInitiatingOccupancyFraction=50 -XX:CMSMaxAbortablePrecleanTime=6000 -XX:+CMSParallelRemarkEnabled -XX:+CMSScavengeBeforeRemark -XX:ConcGCThreads=4 -XX:InitialHeapSize=536870912 -XX:MaxHeapSize=536870912 -XX:MaxTenuringThreshold=8 -XX:NewRatio=3 -XX:OldPLABSize=16 -XX:ParallelGCThreads=4 -XX:+ParallelRefProcEnabled -XX:PretenureSizeThreshold=67108864 -XX:+PrintGC -XX:+PrintGCApplicationStoppedTime -XX:+PrintGCDateStamps -XX:+PrintGCDetails -XX:+PrintGCTimeStamps -XX:+PrintHeapAtGC -XX:+PrintTenuringDistribution -XX:SurvivorRatio=4 -XX:TargetSurvivorRatio=90 -XX:ThreadStackSize=256 -XX:+UseCMSInitiatingOccupancyOnly -XX:+UseCompressedClassPointers -XX:+UseCompressedOops -XX:+UseConcMarkSweepGC -XX:+UseParNewGC 
2015-10-13T23:28:45.970+0600: 0.220: Total time for which application threads were stopped: 0.0000817 seconds, Stopping threads took: 0.0000107 seconds
2015-10-13T23:28:46.310+0600: 0.560: Total time for which application threads were stopped: 0.0001394 seconds, Stopping threads took: 0.0000151 seconds
2015-10-13T23:28:46.321+0600: 0.571: Total time for which application threads were stopped: 0.0000913 seconds, Stopping threads took: 0.0000113 seconds
2015-10-13T23:28:46.391+0600: 0.641: Total time for which application threads were stopped: 0.0001019 seconds, Stopping threads took: 0.0000109 seconds
2015-10-13T23:28:46.482+0600: 0.733: Total time for which application threads were stopped: 0.0001169 seconds, Stopping threads took: 0.0000102 seconds
2015-10-13T23:28:46.533+0600: 0.784: Total time for which application threads were stopped: 0.0001617 seconds, Stopping threads took: 0.0000124 seconds
2015-10-13T23:28:46.547+0600: 0.797: Total time for which application threads were stopped: 0.0001558 seconds, Stopping threads took: 0.0000162 seconds
2015-10-13T23:28:46.558+0600: 0.808: Total time for which application threads were stopped: 0.0001428 seconds, Stopping threads took: 0.0000129 seconds
{Heap before GC invocations=0 (full 0):
 par new generation   total 109248K, used 87424K [0x00000007a0000000, 0x00000007a8000000, 0x00000007a8000000)
  eden space 87424K, 100% used [0x00000007a0000000, 0x00000007a5560000, 0x00000007a5560000)
  from space 21824K,   0% used [0x00000007a5560000, 0x00000007a5560000, 0x00000007a6ab0000)
  to   space 21824K,   0% used [0x00000007a6ab0000, 0x00000007a6ab0000, 0x00000007a8000000)
 concurrent mark-sweep generation total 393216K, used 0K [0x00000007a8000000, 0x00000007c0000000, 0x00000007c0000000)
 Metaspace       used 10053K, capacity 10204K, committed 10496K, reserved 1058816K
  class space    used 1154K, capacity 1208K, committed 1280K, reserved 1048576K
2015-10-13T23:28:47.000+0600: 1.251: [GC (Allocation Failure) 1.251: [ParNew
Desired survivor size 20112992 bytes, new threshold 8 (max 8)
- age   1:    5221000 bytes,    5221000 total
: 87424K->5159K(109248K), 0.0064230 secs] 87424K->5159K(502464K), 0.0065236 secs] [Times: user=0.02 sys=0.00, real=0.00 secs] 
Heap after GC invocations=1 (full 0):
 par new generation   total 109248K, used 5159K [0x00000007a0000000, 0x00000007a8000000, 0x00000007a8000000)
  eden space 87424K,   0% used [0x00000007a0000000, 0x00000007a0000000, 0x00000007a5560000)
  from space 21824K,  23% used [0x00000007a6ab0000, 0x00000007a6fb9eb8, 0x00000007a8000000)
  to   space 21824K,   0% used [0x00000007a5560000, 0x00000007a5560000, 0x00000007a6ab0000)
 concurrent mark-sweep generation total 393216K, used 0K [0x00000007a8000000, 0x00000007c0000000, 0x00000007c0000000)
 Metaspace       used 10053K, capacity 10204K, committed 10496K, reserved 1058816K
  class space    used 1154K, capacity 1208K, committed 1280K, reserved 1048576K
}
2015-10-13T23:28:47.007+0600: 1.257: Total time for which application threads were stopped: 0.0067676 seconds, Stopping threads took: 0.0000224 seconds
2015-10-13T23:28:47.266+0600: 1.516: Total time for which application threads were stopped: 0.0002257 seconds, Stopping threads took: 0.0000232 seconds
2015-10-13T23:28:48.248+0600: 2.498: Total time for which application threads were stopped: 0.0002596 seconds, Stopping threads took: 0.0000127 seconds
2015-10-13T23:28:48.249+0600: 2.499: Total time for which application threads were stopped: 0.0000945 seconds, Stopping threads took: 0.0000073 seconds
2015-10-13T23:28:48.252+0600: 2.503: Total time for which application threads were stopped: 0.0001085 seconds, Stopping threads took: 0.0000077 seconds
2015-10-13T23:28:48.790+0600: 3.041: Total time for which application threads were stopped: 0.0004477 seconds, Stopping threads took: 0.0000236 seconds
{Heap before GC invocations=1 (full 0):
 par new generation   total 109248K, used 92583K [0x00000007a0000000, 0x00000007a8000000, 0x00000007a8000000)
  eden space 87424K, 100% used [0x00000007a0000000, 0x00000007a5560000, 0x00000007a5560000)
  from space 21824K,  23% used [0x00000007a6ab0000, 0x00000007a6fb9eb8, 0x00000007a8000000)
  to   space 21824K,   0% used [0x00000007a5560000, 0x00000007a5560000, 0x00000007a6ab0000)
 concurrent mark-sweep generation total 393216K, used 0K [0x00000007a8000000, 0x00000007c0000000, 0x00000007c0000000)
 Metaspace       used 18964K, capacity 19308K, committed 19584K, reserved 1067008K
  class space    used 2253K, capacity 2385K, committed 2432K, reserved 1048576K
2015-10-13T23:28:48.832+0600: 3.082: [GC (Allocation Failure) 3.083: [ParNew
Desired survivor size 20112992 bytes, new threshold 8 (max 8)
- age   1:    7683968 bytes,    7683968 total
- age   2:    2504712 bytes,   10188680 total
: 92583K->11266K(109248K), 0.0089095 secs] 92583K->11266K(502464K), 0.0089887 secs] [Times: user=0.02 sys=0.00, real=0.01 secs] 
Heap after GC invocations=2 (full 0):
 par new generation   total 109248K, used 11266K [0x00000007a0000000, 0x00000007a8000000, 0x00000007a8000000)
  eden space 87424K,   0% used [0x00000007a0000000, 0x00000007a0000000, 0x00000007a5560000)
  from space 21824K,  51% used [0x00000007a5560000, 0x00000007a60608b0, 0x00000007a6ab0000)
  to   space 21824K,   0% used [0x00000007a6ab0000, 0x00000007a6ab0000, 0x00000007a8000000)
 concurrent mark-sweep generation total 393216K, used 0K [0x00000007a8000000, 0x00000007c0000000, 0x00000007c0000000)
 Metaspace       used 18964K, capacity 19308K, committed 19584K, reserved 1067008K
  class space    used 2253K, capacity 2385K, committed 2432K, reserved 1048576K
}
2015-10-13T23:28:48.841+0600: 3.092: Total time for which application threads were stopped: 0.0092308 seconds, Stopping threads took: 0.0000778 seconds
2015-10-13T23:28:49.514+0600: 3.765: Total time for which application threads were stopped: 0.0003277 seconds, Stopping threads took: 0.0000137 seconds
2015-10-13T23:28:49.547+0600: 3.797: Total time for which application threads were stopped: 0.0003087 seconds, Stopping threads took: 0.0000188 seconds
2015-10-13T23:28:49.567+0600: 3.817: Total time for which application threads were stopped: 0.0002609 seconds, Stopping threads took: 0.0000157 seconds
{Heap before GC invocations=2 (full 0):
 par new generation   total 109248K, used 98690K [0x00000007a0000000, 0x00000007a8000000, 0x00000007a8000000)
  eden space 87424K, 100% used [0x00000007a0000000, 0x00000007a5560000, 0x00000007a5560000)
  from space 21824K,  51% used [0x00000007a5560000, 0x00000007a60608b0, 0x00000007a6ab0000)
  to   space 21824K,   0% used [0x00000007a6ab0000, 0x00000007a6ab0000, 0x00000007a8000000)
 concurrent mark-sweep generation total 393216K, used 0K [0x00000007a8000000, 0x00000007c0000000, 0x00000007c0000000)
 Metaspace       used 20530K, capacity 20914K, committed 20992K, reserved 1067008K
  class space    used 2422K, capacity 2514K, committed 2560K, reserved 1048576K
2015-10-13T23:28:49.833+0600: 4.083: [GC (Allocation Failure) 4.083: [ParNew
Desired survivor size 20112992 bytes, new threshold 8 (max 8)
- age   1:    2761816 bytes,    2761816 total
- age   2:    2468808 bytes,    5230624 total
- age   3:    2458880 bytes,    7689504 total
: 98690K->12400K(109248K), 0.0076789 secs] 98690K->12400K(502464K), 0.0077578 secs] [Times: user=0.03 sys=0.01, real=0.01 secs] 
Heap after GC invocations=3 (full 0):
 par new generation   total 109248K, used 12400K [0x00000007a0000000, 0x00000007a8000000, 0x00000007a8000000)
  eden space 87424K,   0% used [0x00000007a0000000, 0x00000007a0000000, 0x00000007a5560000)
  from space 21824K,  56% used [0x00000007a6ab0000, 0x00000007a76cc290, 0x00000007a8000000)
  to   space 21824K,   0% used [0x00000007a5560000, 0x00000007a5560000, 0x00000007a6ab0000)
 concurrent mark-sweep generation total 393216K, used 0K [0x00000007a8000000, 0x00000007c0000000, 0x00000007c0000000)
 Metaspace       used 20530K, capacity 20914K, committed 20992K, reserved 1067008K
  class space    used 2422K, capacity 2514K, committed 2560K, reserved 1048576K
}
2015-10-13T23:28:49.841+0600: 4.091: Total time for which application threads were stopped: 0.0079948 seconds, Stopping threads took: 0.0000170 seconds
2015-10-13T23:28:49.875+0600: 4.126: Total time for which application threads were stopped: 0.0003668 seconds, Stopping threads took: 0.0001270 seconds
2015-10-13T23:28:49.887+0600: 4.137: Total time for which application threads were stopped: 0.0001021 seconds, Stopping threads took: 0.0000375 seconds
2015-10-13T23:28:49.917+0600: 4.167: Total time for which application threads were stopped: 0.0001141 seconds, Stopping threads took: 0.0000200 seconds
2015-10-13T23:28:49.979+0600: 4.229: Total time for which application threads were stopped: 0.0000883 seconds, Stopping threads took: 0.0000144 seconds
{Heap before GC invocations=3 (full 0):
 par new generation   total 109248K, used 99824K [0x00000007a0000000, 0x00000007a8000000, 0x00000007a8000000)
  eden space 87424K, 100% used [0x00000007a0000000, 0x00000007a5560000, 0x00000007a5560000)
  from space 21824K,  56% used [0x00000007a6ab0000, 0x00000007a76cc290, 0x00000007a8000000)
  to   space 21824K,   0% used [0x00000007a5560000, 0x00000007a5560000, 0x00000007a6ab0000)
 concurrent mark-sweep generation total 393216K, used 0K [0x00000007a8000000, 0x00000007c0000000, 0x00000007c0000000)
 Metaspace       used 21473K, capacity 21836K, committed 21960K, reserved 1069056K
  class space    used 2548K, capacity 2647K, committed 2684K, reserved 1048576K
2015-10-13T23:28:50.148+0600: 4.398: [GC (Allocation Failure) 4.398: [ParNew
Desired survivor size 20112992 bytes, new threshold 8 (max 8)
- age   1:     955232 bytes,     955232 total
- age   2:    1346344 bytes,    2301576 total
- age   3:    2464064 bytes,    4765640 total
- age   4:    2458856 bytes,    7224496 total
: 99824K->9860K(109248K), 0.0068233 secs] 99824K->9860K(502464K), 0.0068795 secs] [Times: user=0.02 sys=0.00, real=0.01 secs] 
Heap after GC invocations=4 (full 0):
 par new generation   total 109248K, used 9860K [0x00000007a0000000, 0x00000007a8000000, 0x00000007a8000000)
  eden space 87424K,   0% used [0x00000007a0000000, 0x00000007a0000000, 0x00000007a5560000)
  from space 21824K,  45% used [0x00000007a5560000, 0x00000007a5f010a0, 0x00000007a6ab0000)
  to   space 21824K,   0% used [0x00000007a6ab0000, 0x00000007a6ab0000, 0x00000007a8000000)
 concurrent mark-sweep generation total 393216K, used 0K [0x00000007a8000000, 0x00000007c0000000, 0x00000007c0000000)
 Metaspace       used 21473K, capacity 21836K, committed 21960K, reserved 1069056K
  class space    used 2548K, capacity 2647K, committed 2684K, reserved 1048576K
}
2015-10-13T23:28:50.155+0600: 4.405: Total time for which application threads were stopped: 0.0070658 seconds, Stopping threads took: 0.0000139 seconds
2015-10-13T23:28:50.155+0600: 4.405: [GC (CMS Initial Mark) [1 CMS-initial-mark: 0K(393216K)] 10948K(502464K), 0.0019941 secs] [Times: user=0.01 sys=0.00, real=0.00 secs] 
2015-10-13T23:28:50.157+0600: 4.407: Total time for which application threads were stopped: 0.0021283 seconds, Stopping threads took: 0.0000447 seconds
2015-10-13T23:28:50.157+0600: 4.408: [CMS-concurrent-mark-start]
2015-10-13T23:28:50.157+0600: 4.408: [CMS-concurrent-mark: 0.000/0.000 secs] [Times: user=0.00 sys=0.00, real=0.00 secs] 
2015-10-13T23:28:50.157+0600: 4.408: [CMS-concurrent-preclean-start]
2015-10-13T23:28:50.158+0600: 4.408: Total time for which application threads were stopped: 0.0001356 seconds, Stopping threads took: 0.0000799 seconds
2015-10-13T23:28:50.158+0600: 4.409: [CMS-concurrent-preclean: 0.001/0.001 secs] [Times: user=0.00 sys=0.00, real=0.00 secs] 
2015-10-13T23:28:50.159+0600: 4.409: [GC (CMS Final Remark) [YG occupancy: 10948 K (109248 K)]{Heap before GC invocations=4 (full 1):
 par new generation   total 109248K, used 10948K [0x00000007a0000000, 0x00000007a8000000, 0x00000007a8000000)
  eden space 87424K,   1% used [0x00000007a0000000, 0x00000007a0110350, 0x00000007a5560000)
  from space 21824K,  45% used [0x00000007a5560000, 0x00000007a5f010a0, 0x00000007a6ab0000)
  to   space 21824K,   0% used [0x00000007a6ab0000, 0x00000007a6ab0000, 0x00000007a8000000)
 concurrent mark-sweep generation total 393216K, used 0K [0x00000007a8000000, 0x00000007c0000000, 0x00000007c0000000)
 Metaspace       used 21473K, capacity 21836K, committed 21960K, reserved 1069056K
  class space    used 2548K, capacity 2647K, committed 2684K, reserved 1048576K
2015-10-13T23:28:50.159+0600: 4.409: [GC (CMS Final Remark) 4.409: [ParNew
Desired survivor size 20112992 bytes, new threshold 8 (max 8)
- age   1:     176560 bytes,     176560 total
- age   2:     329264 bytes,     505824 total
- age   3:    1346360 bytes,    1852184 total
- age   4:    2464184 bytes,    4316368 total
- age   5:    2458752 bytes,    6775120 total
: 10948K->8171K(109248K), 0.0073783 secs] 10948K->8171K(502464K), 0.0074230 secs] [Times: user=0.03 sys=0.00, real=0.01 secs] 
Heap after GC invocations=5 (full 1):
 par new generation   total 109248K, used 8171K [0x00000007a0000000, 0x00000007a8000000, 0x00000007a8000000)
  eden space 87424K,   0% used [0x00000007a0000000, 0x00000007a0000000, 0x00000007a5560000)
  from space 21824K,  37% used [0x00000007a6ab0000, 0x00000007a72aaca0, 0x00000007a8000000)
  to   space 21824K,   0% used [0x00000007a5560000, 0x00000007a5560000, 0x00000007a6ab0000)
 concurrent mark-sweep generation total 393216K, used 0K [0x00000007a8000000, 0x00000007c0000000, 0x00000007c0000000)
 Metaspace       used 21473K, capacity 21836K, committed 21960K, reserved 1069056K
  class space    used 2548K, capacity 2647K, committed 2684K, reserved 1048576K
}
4.416: [Rescan (parallel) , 0.0023070 secs]4.419: [weak refs processing, 0.0008395 secs]4.420: [class unloading, 0.0036255 secs]4.423: [scrub symbol table, 0.0022729 secs]4.425: [scrub string table, 0.0003120 secs][1 CMS-remark: 0K(393216K)] 8171K(502464K), 0.0181544 secs] [Times: user=0.04 sys=0.00, real=0.02 secs] 
2015-10-13T23:28:50.177+0600: 4.427: Total time for which application threads were stopped: 0.0182902 seconds, Stopping threads took: 0.0000554 seconds
2015-10-13T23:28:50.177+0600: 4.427: [CMS-concurrent-sweep-start]
2015-10-13T23:28:50.177+0600: 4.427: [CMS-concurrent-sweep: 0.000/0.000 secs] [Times: user=0.00 sys=0.00, real=0.00 secs] 
2015-10-13T23:28:50.177+0600: 4.427: [CMS-concurrent-reset-start]
2015-10-13T23:28:50.180+0600: 4.430: [CMS-concurrent-reset: 0.003/0.003 secs] [Times: user=0.01 sys=0.00, real=0.01 secs] 
2015-10-13T23:28:50.247+0600: 4.497: Total time for which application threads were stopped: 0.0001017 seconds, Stopping threads took: 0.0000396 seconds
2015-10-13T23:28:50.253+0600: 4.503: Total time for which application threads were stopped: 0.0001053 seconds, Stopping threads took: 0.0000375 seconds
2015-10-13T23:28:50.254+0600: 4.504: Total time for which application threads were stopped: 0.0000448 seconds, Stopping threads took: 0.0000094 seconds
2015-10-13T23:28:50.255+0600: 4.505: Total time for which application threads were stopped: 0.0000775 seconds, Stopping threads took: 0.0000401 seconds
2015-10-13T23:28:50.255+0600: 4.506: Total time for which application threads were stopped: 0.0000607 seconds, Stopping threads took: 0.0000223 seconds
2015-10-13T23:28:50.285+0600: 4.535: Total time for which application threads were stopped: 0.0003624 seconds, Stopping threads took: 0.0000151 seconds
2015-10-13T23:28:50.383+0600: 4.633: Total time for which application threads were stopped: 0.0001034 seconds, Stopping threads took: 0.0000423 seconds
2015-10-13T23:28:50.383+0600: 4.633: Total time for which application threads were stopped: 0.0000468 seconds, Stopping threads took: 0.0000080 seconds
2015-10-13T23:28:50.384+0600: 4.634: Total time for which application threads were stopped: 0.0000490 seconds, Stopping threads took: 0.0000090 seconds
2015-10-13T23:28:50.384+0600: 4.634: Total time for which application threads were stopped: 0.0000453 seconds, Stopping threads took: 0.0000082 seconds
2015-10-13T23:28:50.384+0600: 4.635: Total time for which application threads were stopped: 0.0000463 seconds, Stopping threads took: 0.0000083 seconds
2015-10-13T23:28:50.388+0600: 4.638: Total time for which application threads were stopped: 0.0000668 seconds, Stopping threads took: 0.0000139 seconds
2015-10-13T23:28:50.388+0600: 4.639: Total time for which application threads were stopped: 0.0000510 seconds, Stopping threads took: 0.0000092 seconds
2015-10-13T23:28:50.389+0600: 4.639: Total time for which application threads were stopped: 0.0000456 seconds, Stopping threads took: 0.0000080 seconds
2015-10-13T23:28:50.391+0600: 4.641: Total time for which application threads were stopped: 0.0000708 seconds, Stopping threads took: 0.0000295 seconds
2015-10-13T23:28:50.393+0600: 4.643: Total time for which application threads were stopped: 0.0001126 seconds, Stopping threads took: 0.0000324 seconds
2015-10-13T23:28:50.394+0600: 4.644: Total time for which application threads were stopped: 0.0000689 seconds, Stopping threads took: 0.0000116 seconds
2015-10-13T23:28:50.396+0600: 4.646: Total time for which application threads were stopped: 0.0006229 seconds, Stopping threads took: 0.0000147 seconds
2015-10-13T23:28:50.403+0600: 4.654: Total time for which application threads were stopped: 0.0000914 seconds, Stopping threads took: 0.0000162 seconds
2015-10-13T23:28:50.405+0600: 4.655: Total time for which application threads were stopped: 0.0000881 seconds, Stopping threads took: 0.0000313 seconds
2015-10-13T23:28:50.543+0600: 4.793: Total time for which application threads were stopped: 0.0004172 seconds, Stopping threads took: 0.0000181 seconds
2015-10-13T23:28:50.554+0600: 4.805: Total time for which application threads were stopped: 0.0002496 seconds, Stopping threads took: 0.0000141 seconds
2015-10-13T23:28:50.607+0600: 4.857: Total time for which application threads were stopped: 0.0001842 seconds, Stopping threads took: 0.0000427 seconds
2015-10-13T23:28:50.826+0600: 5.076: Total time for which application threads were stopped: 0.0003408 seconds, Stopping threads took: 0.0000161 seconds
2015-10-13T23:28:50.944+0600: 5.194: Total time for which application threads were stopped: 0.0001113 seconds, Stopping threads took: 0.0000147 seconds
2015-10-13T23:28:51.293+0600: 5.543: Total time for which application threads were stopped: 0.0001175 seconds, Stopping threads took: 0.0000326 seconds
2015-10-13T23:28:51.293+0600: 5.543: Total time for which application threads were stopped: 0.0000792 seconds, Stopping threads took: 0.0000340 seconds
2015-10-13T23:28:51.294+0600: 5.544: Total time for which application threads were stopped: 0.0000809 seconds, Stopping threads took: 0.0000308 seconds
2015-10-13T23:28:51.294+0600: 5.544: Total time for which application threads were stopped: 0.0000668 seconds, Stopping threads took: 0.0000330 seconds
2015-10-13T23:28:51.294+0600: 5.544: Total time for which application threads were stopped: 0.0000510 seconds, Stopping threads took: 0.0000210 seconds
2015-10-13T23:28:52.297+0600: 6.547: Total time for which application threads were stopped: 0.0002435 seconds, Stopping threads took: 0.0000535 seconds
2015-10-13T23:29:02.565+0600: 16.816: Total time for which application threads were stopped: 0.0000598 seconds, Stopping threads took: 0.0000120 seconds
2015-10-13T23:29:02.584+0600: 16.835: Total time for which application threads were stopped: 0.0000875 seconds, Stopping threads took: 0.0000193 seconds
2015-10-13T23:29:02.586+0600: 16.837: Total time for which application threads were stopped: 0.0000616 seconds, Stopping threads took: 0.0000133 seconds
2015-10-13T23:29:02.586+0600: 16.837: Total time for which application threads were stopped: 0.0000618 seconds, Stopping threads took: 0.0000148 seconds
2015-10-13T23:29:02.607+0600: 16.858: Total time for which application threads were stopped: 0.0000780 seconds, Stopping threads took: 0.0000157 seconds
2015-10-13T23:29:02.607+0600: 16.858: Total time for which application threads were stopped: 0.0000422 seconds, Stopping threads took: 0.0000103 seconds
2015-10-13T23:29:02.619+0600: 16.869: Total time for which application threads were stopped: 0.0003282 seconds, Stopping threads took: 0.0000216 seconds
2015-10-13T23:29:02.621+0600: 16.871: Total time for which application threads were stopped: 0.0000374 seconds, Stopping threads took: 0.0000078 seconds
2015-10-13T23:29:02.621+0600: 16.871: Total time for which application threads were stopped: 0.0000310 seconds, Stopping threads took: 0.0000060 seconds
{Heap before GC invocations=5 (full 1):
 par new generation   total 109248K, used 95595K [0x00000007a0000000, 0x00000007a8000000, 0x00000007a8000000)
  eden space 87424K, 100% used [0x00000007a0000000, 0x00000007a5560000, 0x00000007a5560000)
  from space 21824K,  37% used [0x00000007a6ab0000, 0x00000007a72aaca0, 0x00000007a8000000)
  to   space 21824K,   0% used [0x00000007a5560000, 0x00000007a5560000, 0x00000007a6ab0000)
 concurrent mark-sweep generation total 393216K, used 0K [0x00000007a8000000, 0x00000007c0000000, 0x00000007c0000000)
 Metaspace       used 26795K, capacity 27126K, committed 27388K, reserved 1073152K
  class space    used 3200K, capacity 3324K, committed 3324K, reserved 1048576K
2015-10-13T23:29:02.628+0600: 16.878: [GC (Allocation Failure) 16.891: [ParNew
Desired survivor size 20112992 bytes, new threshold 8 (max 8)
- age   1:    8017056 bytes,    8017056 total
- age   2:        400 bytes,    8017456 total
- age   3:     184560 bytes,    8202016 total
- age   4:     650264 bytes,    8852280 total
- age   5:    2424776 bytes,   11277056 total
- age   6:    2458184 bytes,   13735240 total
: 95595K->16142K(109248K), 0.0107693 secs] 95595K->16142K(502464K), 0.0232027 secs] [Times: user=0.03 sys=0.01, real=0.03 secs] 
Heap after GC invocations=6 (full 1):
 par new generation   total 109248K, used 16142K [0x00000007a0000000, 0x00000007a8000000, 0x00000007a8000000)
  eden space 87424K,   0% used [0x00000007a0000000, 0x00000007a0000000, 0x00000007a5560000)
  from space 21824K,  73% used [0x00000007a5560000, 0x00000007a6523a00, 0x00000007a6ab0000)
  to   space 21824K,   0% used [0x00000007a6ab0000, 0x00000007a6ab0000, 0x00000007a8000000)
 concurrent mark-sweep generation total 393216K, used 0K [0x00000007a8000000, 0x00000007c0000000, 0x00000007c0000000)
 Metaspace       used 26795K, capacity 27126K, committed 27388K, reserved 1073152K
  class space    used 3200K, capacity 3324K, committed 3324K, reserved 1048576K
}
2015-10-13T23:29:02.651+0600: 16.901: Total time for which application threads were stopped: 0.0233665 seconds, Stopping threads took: 0.0000270 seconds
2015-10-13T23:29:02.652+0600: 16.903: Total time for which application threads were stopped: 0.0002379 seconds, Stopping threads took: 0.0001964 seconds
2015-10-13T23:29:02.652+0600: 16.903: Total time for which application threads were stopped: 0.0000581 seconds, Stopping threads took: 0.0000292 seconds
2015-10-13T23:29:02.655+0600: 16.905: Total time for which application threads were stopped: 0.0000994 seconds, Stopping threads took: 0.0000594 seconds
2015-10-13T23:29:02.655+0600: 16.905: Total time for which application threads were stopped: 0.0001301 seconds, Stopping threads took: 0.0000990 seconds
2015-10-13T23:29:02.655+0600: 16.905: Total time for which application threads were stopped: 0.0001267 seconds, Stopping threads took: 0.0000935 seconds
2015-10-13T23:29:02.655+0600: 16.906: Total time for which application threads were stopped: 0.0000742 seconds, Stopping threads took: 0.0000454 seconds
2015-10-13T23:29:02.655+0600: 16.906: Total time for which application threads were stopped: 0.0000820 seconds, Stopping threads took: 0.0000513 seconds
2015-10-13T23:29:02.655+0600: 16.906: Total time for which application threads were stopped: 0.0000735 seconds, Stopping threads took: 0.0000444 seconds
2015-10-13T23:29:02.655+0600: 16.906: Total time for which application threads were stopped: 0.0000672 seconds, Stopping threads took: 0.0000405 seconds
2015-10-13T23:29:02.656+0600: 16.906: Total time for which application threads were stopped: 0.0000656 seconds, Stopping threads took: 0.0000368 seconds
2015-10-13T23:29:02.656+0600: 16.906: Total time for which application threads were stopped: 0.0000658 seconds, Stopping threads took: 0.0000374 seconds
2015-10-13T23:29:02.656+0600: 16.906: Total time for which application threads were stopped: 0.0000631 seconds, Stopping threads took: 0.0000371 seconds
2015-10-13T23:29:02.656+0600: 16.906: Total time for which application threads were stopped: 0.0000684 seconds, Stopping threads took: 0.0000407 seconds
2015-10-13T23:29:02.656+0600: 16.907: Total time for which application threads were stopped: 0.0001446 seconds, Stopping threads took: 0.0000324 seconds
2015-10-13T23:29:02.656+0600: 16.907: Total time for which application threads were stopped: 0.0000855 seconds, Stopping threads took: 0.0000510 seconds
2015-10-13T23:29:02.779+0600: 17.029: Total time for which application threads were stopped: 0.0004335 seconds, Stopping threads took: 0.0000201 seconds
2015-10-13T23:29:02.780+0600: 17.031: Total time for which application threads were stopped: 0.0001209 seconds, Stopping threads took: 0.0000513 seconds
2015-10-13T23:29:02.781+0600: 17.031: Total time for which application threads were stopped: 0.0001165 seconds, Stopping threads took: 0.0000452 seconds
2015-10-13T23:29:02.781+0600: 17.031: Total time for which application threads were stopped: 0.0001081 seconds, Stopping threads took: 0.0000531 seconds
2015-10-13T23:29:02.781+0600: 17.031: Total time for which application threads were stopped: 0.0000805 seconds, Stopping threads took: 0.0000140 seconds
2015-10-13T23:29:02.781+0600: 17.032: Total time for which application threads were stopped: 0.0000937 seconds, Stopping threads took: 0.0000390 seconds
2015-10-13T23:29:02.781+0600: 17.032: Total time for which application threads were stopped: 0.0001377 seconds, Stopping threads took: 0.0000399 seconds
2015-10-13T23:29:02.819+0600: 17.070: Total time for which application threads were stopped: 0.0001941 seconds, Stopping threads took: 0.0000755 seconds
2015-10-13T23:29:02.819+0600: 17.070: Total time for which application threads were stopped: 0.0001552 seconds, Stopping threads took: 0.0000626 seconds
2015-10-13T23:29:02.820+0600: 17.070: Total time for which application threads were stopped: 0.0001706 seconds, Stopping threads took: 0.0001108 seconds
2015-10-13T23:29:02.820+0600: 17.070: Total time for which application threads were stopped: 0.0001077 seconds, Stopping threads took: 0.0000468 seconds
2015-10-13T23:29:02.820+0600: 17.070: Total time for which application threads were stopped: 0.0000862 seconds, Stopping threads took: 0.0000253 seconds
2015-10-13T23:29:02.863+0600: 17.113: Total time for which application threads were stopped: 0.0001120 seconds, Stopping threads took: 0.0000226 seconds
2015-10-13T23:29:02.863+0600: 17.113: Total time for which application threads were stopped: 0.0001236 seconds, Stopping threads took: 0.0000273 seconds
2015-10-13T23:29:02.921+0600: 17.171: Total time for which application threads were stopped: 0.0000670 seconds, Stopping threads took: 0.0000165 seconds
2015-10-13T23:29:02.921+0600: 17.172: Total time for which application threads were stopped: 0.0000848 seconds, Stopping threads took: 0.0000419 seconds
2015-10-13T23:29:02.922+0600: 17.172: Total time for which application threads were stopped: 0.0000439 seconds, Stopping threads took: 0.0000082 seconds
2015-10-13T23:29:02.926+0600: 17.177: Total time for which application threads were stopped: 0.0000726 seconds, Stopping threads took: 0.0000156 seconds
2015-10-13T23:29:02.926+0600: 17.177: Total time for which application threads were stopped: 0.0000690 seconds, Stopping threads took: 0.0000242 seconds
2015-10-13T23:29:02.926+0600: 17.177: Total time for which application threads were stopped: 0.0000566 seconds, Stopping threads took: 0.0000236 seconds
2015-10-13T23:29:02.927+0600: 17.177: Total time for which application threads were stopped: 0.0000501 seconds, Stopping threads took: 0.0000105 seconds
2015-10-13T23:29:02.927+0600: 17.177: Total time for which application threads were stopped: 0.0000429 seconds, Stopping threads took: 0.0000066 seconds
2015-10-13T23:29:02.931+0600: 17.182: Total time for which application threads were stopped: 0.0000829 seconds, Stopping threads took: 0.0000262 seconds
2015-10-13T23:29:02.931+0600: 17.182: Total time for which application threads were stopped: 0.0000747 seconds, Stopping threads took: 0.0000272 seconds
2015-10-13T23:29:02.931+0600: 17.182: Total time for which application threads were stopped: 0.0000397 seconds, Stopping threads took: 0.0000074 seconds
2015-10-13T23:29:02.931+0600: 17.182: Total time for which application threads were stopped: 0.0000545 seconds, Stopping threads took: 0.0000218 seconds
2015-10-13T23:29:02.932+0600: 17.182: Total time for which application threads were stopped: 0.0000533 seconds, Stopping threads took: 0.0000203 seconds
2015-10-13T23:29:02.935+0600: 17.185: Total time for which application threads were stopped: 0.0000540 seconds, Stopping threads took: 0.0000123 seconds
2015-10-13T23:29:02.936+0600: 17.186: Total time for which application threads were stopped: 0.0000413 seconds, Stopping threads took: 0.0000083 seconds
2015-10-13T23:29:02.937+0600: 17.187: Total time for which application threads were stopped: 0.0000390 seconds, Stopping threads took: 0.0000080 seconds
2015-10-13T23:29:02.937+0600: 17.187: Total time for which application threads were stopped: 0.0000396 seconds, Stopping threads took: 0.0000086 seconds
2015-10-13T23:29:02.937+0600: 17.188: Total time for which application threads were stopped: 0.0000571 seconds, Stopping threads took: 0.0000218 seconds
2015-10-13T23:29:02.939+0600: 17.190: Total time for which application threads were stopped: 0.0000382 seconds, Stopping threads took: 0.0000083 seconds
2015-10-13T23:29:02.940+0600: 17.190: Total time for which application threads were stopped: 0.0000376 seconds, Stopping threads took: 0.0000093 seconds
2015-10-13T23:29:02.943+0600: 17.194: Total time for which application threads were stopped: 0.0000598 seconds, Stopping threads took: 0.0000153 seconds
2015-10-13T23:29:02.944+0600: 17.194: Total time for which application threads were stopped: 0.0001411 seconds, Stopping threads took: 0.0000468 seconds
2015-10-13T23:29:21.314+0600: 35.565: Total time for which application threads were stopped: 0.0000820 seconds, Stopping threads took: 0.0000150 seconds
2015-10-13T23:29:21.315+0600: 35.566: Total time for which application threads were stopped: 0.0000360 seconds, Stopping threads took: 0.0000070 seconds
2015-10-13T23:29:22.096+0600: 36.346: Total time for which application threads were stopped: 0.0000776 seconds, Stopping threads took: 0.0000162 seconds
2015-10-13T23:29:22.096+0600: 36.347: Total time for which application threads were stopped: 0.0000571 seconds, Stopping threads took: 0.0000204 seconds
2015-10-13T23:29:26.414+0600: 40.665: Total time for which application threads were stopped: 0.0000713 seconds, Stopping threads took: 0.0000147 seconds
2015-10-13T23:29:26.523+0600: 40.773: Total time for which application threads were stopped: 0.0001156 seconds, Stopping threads took: 0.0000406 seconds
2015-10-13T23:29:26.523+0600: 40.774: Total time for which application threads were stopped: 0.0000804 seconds, Stopping threads took: 0.0000290 seconds
2015-10-13T23:29:26.550+0600: 40.801: Total time for which application threads were stopped: 0.0001408 seconds, Stopping threads took: 0.0000816 seconds
2015-10-13T23:29:26.551+0600: 40.802: Total time for which application threads were stopped: 0.0000700 seconds, Stopping threads took: 0.0000288 seconds
2015-10-13T23:29:26.552+0600: 40.803: Total time for which application threads were stopped: 0.0000940 seconds, Stopping threads took: 0.0000371 seconds
2015-10-13T23:29:26.577+0600: 40.828: Total time for which application threads were stopped: 0.0001452 seconds, Stopping threads took: 0.0000766 seconds
2015-10-13T23:29:26.578+0600: 40.829: Total time for which application threads were stopped: 0.0000766 seconds, Stopping threads took: 0.0000392 seconds
2015-10-13T23:29:26.578+0600: 40.829: Total time for which application threads were stopped: 0.0000947 seconds, Stopping threads took: 0.0000529 seconds
2015-10-13T23:29:26.578+0600: 40.829: Total time for which application threads were stopped: 0.0000893 seconds, Stopping threads took: 0.0000409 seconds
2015-10-13T23:29:26.595+0600: 40.846: Total time for which application threads were stopped: 0.0001449 seconds, Stopping threads took: 0.0000850 seconds
2015-10-13T23:29:26.595+0600: 40.846: Total time for which application threads were stopped: 0.0001050 seconds, Stopping threads took: 0.0000633 seconds
2015-10-13T23:29:26.595+0600: 40.846: Total time for which application threads were stopped: 0.0001183 seconds, Stopping threads took: 0.0000547 seconds
2015-10-13T23:29:26.596+0600: 40.847: Total time for which application threads were stopped: 0.0000879 seconds, Stopping threads took: 0.0000437 seconds
2015-10-13T23:29:26.615+0600: 40.866: Total time for which application threads were stopped: 0.0001751 seconds, Stopping threads took: 0.0000625 seconds
2015-10-13T23:29:26.632+0600: 40.883: Total time for which application threads were stopped: 0.0001442 seconds, Stopping threads took: 0.0000727 seconds
2015-10-13T23:29:26.633+0600: 40.884: Total time for which application threads were stopped: 0.0001050 seconds, Stopping threads took: 0.0000625 seconds
2015-10-13T23:29:26.633+0600: 40.884: Total time for which application threads were stopped: 0.0001312 seconds, Stopping threads took: 0.0000437 seconds
2015-10-13T23:29:26.634+0600: 40.885: Total time for which application threads were stopped: 0.0001373 seconds, Stopping threads took: 0.0000563 seconds
2015-10-13T23:29:26.634+0600: 40.885: Total time for which application threads were stopped: 0.0000944 seconds, Stopping threads took: 0.0000397 seconds
2015-10-13T23:29:26.650+0600: 40.901: Total time for which application threads were stopped: 0.0001375 seconds, Stopping threads took: 0.0000536 seconds
2015-10-13T23:29:26.651+0600: 40.902: Total time for which application threads were stopped: 0.0000959 seconds, Stopping threads took: 0.0000388 seconds
2015-10-13T23:29:26.651+0600: 40.902: Total time for which application threads were stopped: 0.0001876 seconds, Stopping threads took: 0.0001338 seconds
2015-10-13T23:29:26.651+0600: 40.902: Total time for which application threads were stopped: 0.0001854 seconds, Stopping threads took: 0.0000354 seconds
2015-10-13T23:29:26.707+0600: 40.958: Total time for which application threads were stopped: 0.0001302 seconds, Stopping threads took: 0.0000576 seconds
2015-10-13T23:29:26.708+0600: 40.959: Total time for which application threads were stopped: 0.0001025 seconds, Stopping threads took: 0.0000503 seconds
2015-10-13T23:29:26.708+0600: 40.959: Total time for which application threads were stopped: 0.0000899 seconds, Stopping threads took: 0.0000400 seconds
2015-10-13T23:29:26.715+0600: 40.966: Total time for which application threads were stopped: 0.0000930 seconds, Stopping threads took: 0.0000161 seconds
2015-10-13T23:29:26.840+0600: 41.091: Total time for which application threads were stopped: 0.0000778 seconds, Stopping threads took: 0.0000182 seconds
2015-10-13T23:29:26.841+0600: 41.092: Total time for which application threads were stopped: 0.0000467 seconds, Stopping threads took: 0.0000073 seconds
2015-10-13T23:29:26.847+0600: 41.098: Total time for which application threads were stopped: 0.0000762 seconds, Stopping threads took: 0.0000171 seconds
2015-10-13T23:29:26.848+0600: 41.099: Total time for which application threads were stopped: 0.0000398 seconds, Stopping threads took: 0.0000074 seconds
2015-10-13T23:29:26.878+0600: 41.129: Total time for which application threads were stopped: 0.0001398 seconds, Stopping threads took: 0.0000623 seconds
2015-10-13T23:29:26.880+0600: 41.131: Total time for which application threads were stopped: 0.0001205 seconds, Stopping threads took: 0.0000481 seconds
2015-10-13T23:29:26.881+0600: 41.132: Total time for which application threads were stopped: 0.0000707 seconds, Stopping threads took: 0.0000107 seconds
2015-10-13T23:29:26.912+0600: 41.163: Total time for which application threads were stopped: 0.0001365 seconds, Stopping threads took: 0.0000245 seconds
2015-10-13T23:29:26.912+0600: 41.163: Total time for which application threads were stopped: 0.0001026 seconds, Stopping threads took: 0.0000415 seconds
2015-10-13T23:29:26.913+0600: 41.163: Total time for which application threads were stopped: 0.0000897 seconds, Stopping threads took: 0.0000182 seconds
2015-10-13T23:29:26.913+0600: 41.164: Total time for which application threads were stopped: 0.0000837 seconds, Stopping threads took: 0.0000172 seconds
2015-10-13T23:29:26.913+0600: 41.164: Total time for which application threads were stopped: 0.0001668 seconds, Stopping threads took: 0.0000668 seconds
2015-10-13T23:29:26.913+0600: 41.164: Total time for which application threads were stopped: 0.0001634 seconds, Stopping threads took: 0.0000566 seconds
2015-10-13T23:29:26.913+0600: 41.164: Total time for which application threads were stopped: 0.0000969 seconds, Stopping threads took: 0.0000330 seconds
2015-10-13T23:29:26.914+0600: 41.164: Total time for which application threads were stopped: 0.0000710 seconds, Stopping threads took: 0.0000142 seconds
2015-10-13T23:29:26.914+0600: 41.165: Total time for which application threads were stopped: 0.0003011 seconds, Stopping threads took: 0.0000218 seconds
2015-10-13T23:29:27.151+0600: 41.402: Total time for which application threads were stopped: 0.0001496 seconds, Stopping threads took: 0.0000273 seconds
2015-10-13T23:29:27.151+0600: 41.402: Total time for which application threads were stopped: 0.0001020 seconds, Stopping threads took: 0.0000179 seconds
2015-10-13T23:29:27.174+0600: 41.424: Total time for which application 