Java HotSpot(TM) 64-Bit Server VM (25.51-b03) for bsd-amd64 JRE (1.8.0_51-b16), built on Jun  8 2015 18:01:11 by "java_re" with gcc 4.2.1 (Based on Apple Inc. build 5658) (LLVM build 2336.11.00)
Memory: 4k page, physical 8388608k(21316k free)

/proc/meminfo:

CommandLine flags: -XX:CMSInitiatingOccupancyFraction=50 -XX:CMSMaxAbortablePrecleanTime=6000 -XX:+CMSParallelRemarkEnabled -XX:+CMSScavengeBeforeRemark -XX:ConcGCThreads=4 -XX:InitialHeapSize=536870912 -XX:MaxHeapSize=536870912 -XX:MaxTenuringThreshold=8 -XX:NewRatio=3 -XX:OldPLABSize=16 -XX:ParallelGCThreads=4 -XX:+ParallelRefProcEnabled -XX:PretenureSizeThreshold=67108864 -XX:+PrintGC -XX:+PrintGCApplicationStoppedTime -XX:+PrintGCDateStamps -XX:+PrintGCDetails -XX:+PrintGCTimeStamps -XX:+PrintHeapAtGC -XX:+PrintTenuringDistribution -XX:SurvivorRatio=4 -XX:TargetSurvivorRatio=90 -XX:ThreadStackSize=256 -XX:+UseCMSInitiatingOccupancyOnly -XX:+UseCompressedClassPointers -XX:+UseCompressedOops -XX:+UseConcMarkSweepGC -XX:+UseParNewGC 
2015-10-14T15:05:33.203+0600: 0.162: Total time for which application threads were stopped: 0.0000912 seconds, Stopping threads took: 0.0000122 seconds
2015-10-14T15:05:33.373+0600: 0.332: Total time for which application threads were stopped: 0.0001320 seconds, Stopping threads took: 0.0000093 seconds
2015-10-14T15:05:33.457+0600: 0.415: Total time for which application threads were stopped: 0.0001385 seconds, Stopping threads took: 0.0000385 seconds
2015-10-14T15:05:33.544+0600: 0.502: Total time for which application threads were stopped: 0.0001165 seconds, Stopping threads took: 0.0000106 seconds
2015-10-14T15:05:33.633+0600: 0.592: Total time for which application threads were stopped: 0.0001608 seconds, Stopping threads took: 0.0000140 seconds
2015-10-14T15:05:33.646+0600: 0.604: Total time for which application threads were stopped: 0.0001481 seconds, Stopping threads took: 0.0000148 seconds
2015-10-14T15:05:33.660+0600: 0.619: Total time for which application threads were stopped: 0.0001639 seconds, Stopping threads took: 0.0000173 seconds
{Heap before GC invocations=0 (full 0):
 par new generation   total 109248K, used 87424K [0x00000007a0000000, 0x00000007a8000000, 0x00000007a8000000)
  eden space 87424K, 100% used [0x00000007a0000000, 0x00000007a5560000, 0x00000007a5560000)
  from space 21824K,   0% used [0x00000007a5560000, 0x00000007a5560000, 0x00000007a6ab0000)
  to   space 21824K,   0% used [0x00000007a6ab0000, 0x00000007a6ab0000, 0x00000007a8000000)
 concurrent mark-sweep generation total 393216K, used 0K [0x00000007a8000000, 0x00000007c0000000, 0x00000007c0000000)
 Metaspace       used 10043K, capacity 10210K, committed 10496K, reserved 1058816K
  class space    used 1138K, capacity 1209K, committed 1280K, reserved 1048576K
2015-10-14T15:05:33.942+0600: 0.901: [GC (Allocation Failure) 0.901: [ParNew
Desired survivor size 20112992 bytes, new threshold 8 (max 8)
- age   1:    5188256 bytes,    5188256 total
: 87424K->5122K(109248K), 0.0077492 secs] 87424K->5122K(502464K), 0.0078387 secs] [Times: user=0.02 sys=0.00, real=0.01 secs] 
Heap after GC invocations=1 (full 0):
 par new generation   total 109248K, used 5122K [0x00000007a0000000, 0x00000007a8000000, 0x00000007a8000000)
  eden space 87424K,   0% used [0x00000007a0000000, 0x00000007a0000000, 0x00000007a5560000)
  from space 21824K,  23% used [0x00000007a6ab0000, 0x00000007a6fb0af8, 0x00000007a8000000)
  to   space 21824K,   0% used [0x00000007a5560000, 0x00000007a5560000, 0x00000007a6ab0000)
 concurrent mark-sweep generation total 393216K, used 0K [0x00000007a8000000, 0x00000007c0000000, 0x00000007c0000000)
 Metaspace       used 10043K, capacity 10210K, committed 10496K, reserved 1058816K
  class space    used 1138K, capacity 1209K, committed 1280K, reserved 1048576K
}
2015-10-14T15:05:33.950+0600: 0.909: Total time for which application threads were stopped: 0.0080710 seconds, Stopping threads took: 0.0000128 seconds
2015-10-14T15:05:34.064+0600: 1.022: Total time for which application threads were stopped: 0.0001879 seconds, Stopping threads took: 0.0000133 seconds
2015-10-14T15:05:34.480+0600: 1.438: Total time for which application threads were stopped: 0.0002624 seconds, Stopping threads took: 0.0000124 seconds
2015-10-14T15:05:34.481+0600: 1.439: Total time for which application threads were stopped: 0.0000979 seconds, Stopping threads took: 0.0000071 seconds
2015-10-14T15:05:34.484+0600: 1.443: Total time for which application threads were stopped: 0.0001052 seconds, Stopping threads took: 0.0000068 seconds
2015-10-14T15:05:35.489+0600: 2.447: Total time for which application threads were stopped: 0.0002041 seconds, Stopping threads took: 0.0000337 seconds
2015-10-14T15:05:35.695+0600: 2.653: Total time for which application threads were stopped: 0.0002591 seconds, Stopping threads took: 0.0000136 seconds
{Heap before GC invocations=1 (full 0):
 par new generation   total 109248K, used 92546K [0x00000007a0000000, 0x00000007a8000000, 0x00000007a8000000)
  eden space 87424K, 100% used [0x00000007a0000000, 0x00000007a5560000, 0x00000007a5560000)
  from space 21824K,  23% used [0x00000007a6ab0000, 0x00000007a6fb0af8, 0x00000007a8000000)
  to   space 21824K,   0% used [0x00000007a5560000, 0x00000007a5560000, 0x00000007a6ab0000)
 concurrent mark-sweep generation total 393216K, used 0K [0x00000007a8000000, 0x00000007c0000000, 0x00000007c0000000)
 Metaspace       used 19808K, capacity 20114K, committed 20480K, reserved 1067008K
  class space    used 2338K, capacity 2458K, committed 2560K, reserved 1048576K
2015-10-14T15:05:35.772+0600: 2.730: [GC (Allocation Failure) 2.730: [ParNew
Desired survivor size 20112992 bytes, new threshold 8 (max 8)
- age   1:    7954008 bytes,    7954008 total
- age   2:    2484672 bytes,   10438680 total
: 92546K->12118K(109248K), 0.0137709 secs] 92546K->12118K(502464K), 0.0138947 secs] [Times: user=0.04 sys=0.01, real=0.01 secs] 
Heap after GC invocations=2 (full 0):
 par new generation   total 109248K, used 12118K [0x00000007a0000000, 0x00000007a8000000, 0x00000007a8000000)
  eden space 87424K,   0% used [0x00000007a0000000, 0x00000007a0000000, 0x00000007a5560000)
  from space 21824K,  55% used [0x00000007a5560000, 0x00000007a6135a60, 0x00000007a6ab0000)
  to   space 21824K,   0% used [0x00000007a6ab0000, 0x00000007a6ab0000, 0x00000007a8000000)
 concurrent mark-sweep generation total 393216K, used 0K [0x00000007a8000000, 0x00000007c0000000, 0x00000007c0000000)
 Metaspace       used 19808K, capacity 20114K, committed 20480K, reserved 1067008K
  class space    used 2338K, capacity 2458K, committed 2560K, reserved 1048576K
}
2015-10-14T15:05:35.786+0600: 2.744: Total time for which application threads were stopped: 0.0142414 seconds, Stopping threads took: 0.0001024 seconds
2015-10-14T15:05:35.828+0600: 2.787: Total time for which application threads were stopped: 0.0002955 seconds, Stopping threads took: 0.0000397 seconds
2015-10-14T15:05:35.908+0600: 2.867: Total time for which application threads were stopped: 0.0002865 seconds, Stopping threads took: 0.0000149 seconds
2015-10-14T15:05:35.927+0600: 2.885: Total time for which application threads were stopped: 0.0003579 seconds, Stopping threads took: 0.0000704 seconds
2015-10-14T15:05:35.943+0600: 2.901: Total time for which application threads were stopped: 0.0002998 seconds, Stopping threads took: 0.0000181 seconds
2015-10-14T15:05:35.944+0600: 2.902: Total time for which application threads were stopped: 0.0000979 seconds, Stopping threads took: 0.0000151 seconds
2015-10-14T15:05:35.998+0600: 2.956: Total time for which application threads were stopped: 0.0001643 seconds, Stopping threads took: 0.0000357 seconds
{Heap before GC invocations=2 (full 0):
 par new generation   total 109248K, used 99528K [0x00000007a0000000, 0x00000007a8000000, 0x00000007a8000000)
  eden space 87424K,  99% used [0x00000007a0000000, 0x00000007a555c7d0, 0x00000007a5560000)
  from space 21824K,  55% used [0x00000007a5560000, 0x00000007a6135a60, 0x00000007a6ab0000)
  to   space 21824K,   0% used [0x00000007a6ab0000, 0x00000007a6ab0000, 0x00000007a8000000)
 concurrent mark-sweep generation total 393216K, used 0K [0x00000007a8000000, 0x00000007c0000000, 0x00000007c0000000)
 Metaspace       used 21404K, capacity 21746K, committed 21884K, reserved 1069056K
  class space    used 2501K, capacity 2618K, committed 2684K, reserved 1048576K
2015-10-14T15:05:36.022+0600: 2.980: [GC (Allocation Failure) 2.980: [ParNew
Desired survivor size 20112992 bytes, new threshold 8 (max 8)
- age   1:    2922240 bytes,    2922240 total
- age   2:    2239240 bytes,    5161480 total
- age   3:    2438432 bytes,    7599912 total
: 99528K->12679K(109248K), 0.0070783 secs] 99528K->12679K(502464K), 0.0071684 secs] [Times: user=0.02 sys=0.01, real=0.00 secs] 
Heap after GC invocations=3 (full 0):
 par new generation   total 109248K, used 12679K [0x00000007a0000000, 0x00000007a8000000, 0x00000007a8000000)
  eden space 87424K,   0% used [0x00000007a0000000, 0x00000007a0000000, 0x00000007a5560000)
  from space 21824K,  58% used [0x00000007a6ab0000, 0x00000007a7711fe0, 0x00000007a8000000)
  to   space 21824K,   0% used [0x00000007a5560000, 0x00000007a5560000, 0x00000007a6ab0000)
 concurrent mark-sweep generation total 393216K, used 0K [0x00000007a8000000, 0x00000007c0000000, 0x00000007c0000000)
 Metaspace       used 21404K, capacity 21746K, committed 21884K, reserved 1069056K
  class space    used 2501K, capacity 2618K, committed 2684K, reserved 1048576K
}
2015-10-14T15:05:36.029+0600: 2.987: Total time for which application threads were stopped: 0.0074208 seconds, Stopping threads took: 0.0000843 seconds
2015-10-14T15:05:36.030+0600: 2.988: [GC (CMS Initial Mark) [1 CMS-initial-mark: 0K(393216K)] 13900K(502464K), 0.0029599 secs] [Times: user=0.01 sys=0.00, real=0.00 secs] 
2015-10-14T15:05:36.033+0600: 2.991: Total time for which application threads were stopped: 0.0032122 seconds, Stopping threads took: 0.0001213 seconds
2015-10-14T15:05:36.033+0600: 2.991: [CMS-concurrent-mark-start]
2015-10-14T15:05:36.034+0600: 2.993: [CMS-concurrent-mark: 0.002/0.002 secs] [Times: user=0.01 sys=0.00, real=0.00 secs] 
2015-10-14T15:05:36.034+0600: 2.993: [CMS-concurrent-preclean-start]
2015-10-14T15:05:36.036+0600: 2.994: [CMS-concurrent-preclean: 0.001/0.001 secs] [Times: user=0.01 sys=0.00, real=0.00 secs] 
2015-10-14T15:05:36.037+0600: 2.995: [GC (CMS Final Remark) [YG occupancy: 14533 K (109248 K)]{Heap before GC invocations=3 (full 1):
 par new generation   total 109248K, used 14533K [0x00000007a0000000, 0x00000007a8000000, 0x00000007a8000000)
  eden space 87424K,   2% used [0x00000007a0000000, 0x00000007a01cf570, 0x00000007a5560000)
  from space 21824K,  58% used [0x00000007a6ab0000, 0x00000007a7711fe0, 0x00000007a8000000)
  to   space 21824K,   0% used [0x00000007a5560000, 0x00000007a5560000, 0x00000007a6ab0000)
 concurrent mark-sweep generation total 393216K, used 0K [0x00000007a8000000, 0x00000007c0000000, 0x00000007c0000000)
 Metaspace       used 21410K, capacity 21746K, committed 21884K, reserved 1069056K
  class space    used 2503K, capacity 2618K, committed 2684K, reserved 1048576K
2015-10-14T15:05:36.037+0600: 2.995: [GC (CMS Final Remark) 2.995: [ParNew
Desired survivor size 20112992 bytes, new threshold 8 (max 8)
- age   1:     144872 bytes,     144872 total
- age   2:    1547816 bytes,    1692688 total
- age   3:    2239240 bytes,    3931928 total
- age   4:    2438296 bytes,    6370224 total
: 14533K->8929K(109248K), 0.0063160 secs] 14533K->8929K(502464K), 0.0063663 secs] [Times: user=0.03 sys=0.00, real=0.01 secs] 
Heap after GC invocations=4 (full 1):
 par new generation   total 109248K, used 8929K [0x00000007a0000000, 0x00000007a8000000, 0x00000007a8000000)
  eden space 87424K,   0% used [0x00000007a0000000, 0x00000007a0000000, 0x00000007a5560000)
  from space 21824K,  40% used [0x00000007a5560000, 0x00000007a5e18708, 0x00000007a6ab0000)
  to   space 21824K,   0% used [0x00000007a6ab0000, 0x00000007a6ab0000, 0x00000007a8000000)
 concurrent mark-sweep generation total 393216K, used 0K [0x00000007a8000000, 0x00000007c0000000, 0x00000007c0000000)
 Metaspace       used 21410K, capacity 21746K, committed 21884K, reserved 1069056K
  class space    used 2503K, capacity 2618K, committed 2684K, reserved 1048576K
}
3.002: [Rescan (parallel) , 0.0020546 secs]3.004: [weak refs processing, 0.0007870 secs]3.005: [class unloading, 0.0033240 secs]3.008: [scrub symbol table, 0.0023853 secs]3.010: [scrub string table, 0.0002923 secs][1 CMS-remark: 0K(393216K)] 8929K(502464K), 0.0164376 secs] [Times: user=0.05 sys=0.00, real=0.02 secs] 
2015-10-14T15:05:36.053+0600: 3.012: Total time for which application threads were stopped: 0.0166265 seconds, Stopping threads took: 0.0000588 seconds
2015-10-14T15:05:36.053+0600: 3.012: [CMS-concurrent-sweep-start]
2015-10-14T15:05:36.053+0600: 3.012: [CMS-concurrent-sweep: 0.000/0.000 secs] [Times: user=0.00 sys=0.00, real=0.00 secs] 
2015-10-14T15:05:36.053+0600: 3.012: [CMS-concurrent-reset-start]
2015-10-14T15:05:36.056+0600: 3.015: [CMS-concurrent-reset: 0.003/0.003 secs] [Times: user=0.03 sys=0.00, real=0.00 secs] 
2015-10-14T15:05:36.070+0600: 3.029: Total time for which application threads were stopped: 0.0003394 seconds, Stopping threads took: 0.0000208 seconds
{Heap before GC invocations=4 (full 1):
 par new generation   total 109248K, used 96353K [0x00000007a0000000, 0x00000007a8000000, 0x00000007a8000000)
  eden space 87424K, 100% used [0x00000007a0000000, 0x00000007a5560000, 0x00000007a5560000)
  from space 21824K,  40% used [0x00000007a5560000, 0x00000007a5e18708, 0x00000007a6ab0000)
  to   space 21824K,   0% used [0x00000007a6ab0000, 0x00000007a6ab0000, 0x00000007a8000000)
 concurrent mark-sweep generation total 393216K, used 0K [0x00000007a8000000, 0x00000007c0000000, 0x00000007c0000000)
 Metaspace       used 22335K, capacity 22698K, committed 23036K, reserved 1069056K
  class space    used 2625K, capacity 2718K, committed 2812K, reserved 1048576K
2015-10-14T15:05:36.231+0600: 3.190: [GC (Allocation Failure) 3.190: [ParNew
Desired survivor size 20112992 bytes, new threshold 8 (max 8)
- age   1:     953472 bytes,     953472 total
- age   2:       3000 bytes,     956472 total
- age   3:    1543272 bytes,    2499744 total
- age   4:    2238856 bytes,    4738600 total
- age   5:    2438320 bytes,    7176920 total
: 96353K->8312K(109248K), 0.0076163 secs] 96353K->8312K(502464K), 0.0076795 secs] [Times: user=0.04 sys=0.00, real=0.00 secs] 
Heap after GC invocations=5 (full 1):
 par new generation   total 109248K, used 8312K [0x00000007a0000000, 0x00000007a8000000, 0x00000007a8000000)
  eden space 87424K,   0% used [0x00000007a0000000, 0x00000007a0000000, 0x00000007a5560000)
  from space 21824K,  38% used [0x00000007a6ab0000, 0x00000007a72ce250, 0x00000007a8000000)
  to   space 21824K,   0% used [0x00000007a5560000, 0x00000007a5560000, 0x00000007a6ab0000)
 concurrent mark-sweep generation total 393216K, used 0K [0x00000007a8000000, 0x00000007c0000000, 0x00000007c0000000)
 Metaspace       used 22335K, capacity 22698K, committed 23036K, reserved 1069056K
  class space    used 2625K, capacity 2718K, committed 2812K, reserved 1048576K
}
2015-10-14T15:05:36.239+0600: 3.197: Total time for which application threads were stopped: 0.0079124 seconds, Stopping threads took: 0.0000517 seconds
2015-10-14T15:05:36.282+0600: 3.241: Total time for which application threads were stopped: 0.0003367 seconds, Stopping threads took: 0.0000166 seconds
2015-10-14T15:05:36.398+0600: 3.356: Total time for which application threads were stopped: 0.0003865 seconds, Stopping threads took: 0.0000149 seconds
2015-10-14T15:05:36.407+0600: 3.365: Total time for which application threads were stopped: 0.0002943 seconds, Stopping threads took: 0.0000140 seconds
2015-10-14T15:05:36.543+0600: 3.502: Total time for which application threads were stopped: 0.0004360 seconds, Stopping threads took: 0.0000299 seconds
2015-10-14T15:05:37.002+0600: 3.960: Total time for which application threads were stopped: 0.0003935 seconds, Stopping threads took: 0.0000167 seconds
2015-10-14T15:05:37.042+0600: 4.001: Total time for which application threads were stopped: 0.0003350 seconds, Stopping threads took: 0.0000157 seconds
2015-10-14T15:05:37.157+0600: 4.115: Total time for which application threads were stopped: 0.0003742 seconds, Stopping threads took: 0.0000231 seconds
2015-10-14T15:05:37.653+0600: 4.612: Total time for which application threads were stopped: 0.0001785 seconds, Stopping threads took: 0.0000518 seconds
2015-10-14T15:05:37.654+0600: 4.612: Total time for which application threads were stopped: 0.0001299 seconds, Stopping threads took: 0.0000757 seconds
2015-10-14T15:05:37.654+0600: 4.612: Total time for which application threads were stopped: 0.0000980 seconds, Stopping threads took: 0.0000430 seconds
2015-10-14T15:05:37.656+0600: 4.615: Total time for which application threads were stopped: 0.0001224 seconds, Stopping threads took: 0.0000531 seconds
2015-10-14T15:05:37.660+0600: 4.619: Total time for which application threads were stopped: 0.0001532 seconds, Stopping threads took: 0.0000568 seconds
2015-10-14T15:05:37.660+0600: 4.619: Total time for which application threads were stopped: 0.0001228 seconds, Stopping threads took: 0.0000291 seconds
2015-10-14T15:05:37.661+0600: 4.619: Total time for which application threads were stopped: 0.0000756 seconds, Stopping threads took: 0.0000120 seconds
2015-10-14T15:05:37.666+0600: 4.624: Total time for which application threads were stopped: 0.0001399 seconds, Stopping threads took: 0.0000215 seconds
2015-10-14T15:05:37.666+0600: 4.625: Total time for which application threads were stopped: 0.0000740 seconds, Stopping threads took: 0.0000140 seconds
2015-10-14T15:05:37.666+0600: 4.625: Total time for which application threads were stopped: 0.0000571 seconds, Stopping threads took: 0.0000083 seconds
2015-10-14T15:05:37.669+0600: 4.627: Total time for which application threads were stopped: 0.0001122 seconds, Stopping threads took: 0.0000496 seconds
2015-10-14T15:05:37.669+0600: 4.627: Total time for which application threads were stopped: 0.0000853 seconds, Stopping threads took: 0.0000346 seconds
2015-10-14T15:05:37.669+0600: 4.628: Total time for which application threads were stopped: 0.0000665 seconds, Stopping threads took: 0.0000273 seconds
2015-10-14T15:05:38.605+0600: 5.564: Total time for which application threads were stopped: 0.0000801 seconds, Stopping threads took: 0.0000176 seconds
2015-10-14T15:05:38.606+0600: 5.564: Total time for which application threads were stopped: 0.0000391 seconds, Stopping threads took: 0.0000066 seconds
2015-10-14T15:05:38.606+0600: 5.565: Total time for which application threads were stopped: 0.0000452 seconds, Stopping threads took: 0.0000068 seconds
2015-10-14T15:05:38.621+0600: 5.579: Total time for which application threads were stopped: 0.0003252 seconds, Stopping threads took: 0.0000147 seconds
2015-10-14T15:05:38.622+0600: 5.580: Total time for which application threads were stopped: 0.0000914 seconds, Stopping threads took: 0.0000406 seconds
2015-10-14T15:05:38.622+0600: 5.581: Total time for which application threads were stopped: 0.0000937 seconds, Stopping threads took: 0.0000445 seconds
2015-10-14T15:05:38.622+0600: 5.581: Total time for which application threads were stopped: 0.0000549 seconds, Stopping threads took: 0.0000090 seconds
2015-10-14T15:05:38.622+0600: 5.581: Total time for which application threads were stopped: 0.0000585 seconds, Stopping threads took: 0.0000176 seconds
2015-10-14T15:05:38.622+0600: 5.581: Total time for which application threads were stopped: 0.0000655 seconds, Stopping threads took: 0.0000272 seconds
2015-10-14T15:05:38.677+0600: 5.636: Total time for which application threads were stopped: 0.0001035 seconds, Stopping threads took: 0.0000327 seconds
2015-10-14T15:05:38.678+0600: 5.636: Total time for which application threads were stopped: 0.0000629 seconds, Stopping threads took: 0.0000216 seconds
2015-10-14T15:05:38.678+0600: 5.636: Total time for which application threads were stopped: 0.0000577 seconds, Stopping threads took: 0.0000191 seconds
2015-10-14T15:05:38.678+0600: 5.636: Total time for which application threads were stopped: 0.0000630 seconds, Stopping threads took: 0.0000157 seconds
2015-10-14T15:05:38.678+0600: 5.636: Total time for which application threads were stopped: 0.0000508 seconds, Stopping threads took: 0.0000102 seconds
2015-10-14T15:05:38.686+0600: 5.644: Total time for which application threads were stopped: 0.0000849 seconds, Stopping threads took: 0.0000153 seconds
2015-10-14T15:05:38.686+0600: 5.644: Total time for which application threads were stopped: 0.0000389 seconds, Stopping threads took: 0.0000064 seconds
2015-10-14T15:05:38.694+0600: 5.653: Total time for which application threads were stopped: 0.0001689 seconds, Stopping threads took: 0.0000328 seconds
2015-10-14T15:05:38.698+0600: 5.657: Total time for which application threads were stopped: 0.0000689 seconds, Stopping threads took: 0.0000132 seconds
2015-10-14T15:05:38.699+0600: 5.658: Total time for which application threads were stopped: 0.0000766 seconds, Stopping threads took: 0.0000268 seconds
2015-10-14T15:05:42.711+0600: 9.670: Total time for which application threads were stopped: 0.0002800 seconds, Stopping threads took: 0.0000626 seconds
2015-10-14T15:05:44.711+0600: 11.670: Total time for which application threads were stopped: 0.0004711 seconds, Stopping threads took: 0.0003108 seconds
2015-10-14T15:05:44.712+0600: 11.671: Total time for which application threads were stopped: 0.0002874 seconds, Stopping threads took: 0.0001454 seconds
2015-10-14T15:05:44.736+0600: 11.695: Total time for which application threads were stopped: 0.0003552 seconds, Stopping threads took: 0.0000315 seconds
2015-10-14T15:05:44.750+0600: 11.709: Total time for which application threads were stopped: 0.0001413 seconds, Stopping threads took: 0.0000521 seconds
2015-10-14T15:05:44.754+0600: 11.713: Total time for which application threads were stopped: 0.0001210 seconds, Stopping threads took: 0.0000477 seconds
2015-10-14T15:05:56.183+0600: 23.142: Total time for which application threads were stopped: 0.0001850 seconds, Stopping threads took: 0.0000458 seconds
{Heap before GC invocations=5 (full 1):
 par new generation   total 109248K, used 95736K [0x00000007a0000000, 0x00000007a8000000, 0x00000007a8000000)
  eden space 87424K, 100% used [0x00000007a0000000, 0x00000007a5560000, 0x00000007a5560000)
  from space 21824K,  38% used [0x00000007a6ab0000, 0x00000007a72ce250, 0x00000007a8000000)
  to   space 21824K,   0% used [0x00000007a5560000, 0x00000007a5560000, 0x00000007a6ab0000)
 concurrent mark-sweep generation total 393216K, used 0K [0x00000007a8000000, 0x00000007c0000000, 0x00000007c0000000)
 Metaspace       used 29354K, capacity 29782K, committed 30076K, reserved 1075200K
  class space    used 3516K, capacity 3664K, committed 3708K, reserved 1048576K
2015-10-14T15:05:56.230+0600: 23.189: [GC (Allocation Failure) 23.189: [ParNew
Desired survivor size 20112992 bytes, new threshold 8 (max 8)
- age   1:   11494648 bytes,   11494648 total
- age   2:     188336 bytes,   11682984 total
- age   3:       2952 bytes,   11685936 total
- age   4:     624024 bytes,   12309960 total
- age   5:    2219960 bytes,   14529920 total
- age   6:    2437392 bytes,   16967312 total
: 95736K->21307K(109248K), 0.0211863 secs] 95736K->21307K(502464K), 0.0212636 secs] [Times: user=0.05 sys=0.00, real=0.02 secs] 
Heap after GC invocations=6 (full 1):
 par new generation   total 109248K, used 21307K [0x00000007a0000000, 0x00000007a8000000, 0x00000007a8000000)
  eden space 87424K,   0% used [0x00000007a0000000, 0x00000007a0000000, 0x00000007a5560000)
  from space 21824K,  97% used [0x00000007a5560000, 0x00000007a6a2ec80, 0x00000007a6ab0000)
  to   space 21824K,   0% used [0x00000007a6ab0000, 0x00000007a6ab0000, 0x00000007a8000000)
 concurrent mark-sweep generation total 393216K, used 0K [0x00000007a8000000, 0x00000007c0000000, 0x00000007c0000000)
 Metaspace       used 29354K, capacity 29782K, committed 30076K, reserved 1075200K
  class space    used 3516K, capacity 3664K, committed 3708K, reserved 1048576K
}
2015-10-14T15:05:56.252+0600: 23.211: Total time for which application threads were stopped: 0.0395661 seconds, Stopping threads took: 0.0000257 seconds
2015-10-14T15:05:56.259+0600: 23.218: Total time for which application threads were stopped: 0.0001442 seconds, Stopping threads took: 0.0000534 seconds
2015-10-14T15:05:56.259+0600: 23.218: Total time for which application threads were stopped: 0.0001663 seconds, Stopping threads took: 0.0000998 seconds
2015-10-14T15:05:56.260+0600: 23.219: Total time for which application threads were stopped: 0.0003344 seconds, Stopping threads took: 0.0002651 seconds
2015-10-14T15:05:56.260+0600: 23.219: Total time for which application threads were stopped: 0.0001040 seconds, Stopping threads took: 0.0000356 seconds
2015-10-14T15:05:56.261+0600: 23.220: Total time for which application threads were stopped: 0.0002505 seconds, Stopping threads took: 0.0000551 seconds
2015-10-14T15:05:56.294+0600: 23.253: Total time for which application threads were stopped: 0.0009475 seconds, Stopping threads took: 0.0008305 seconds
2015-10-14T15:05:56.295+0600: 23.253: Total time for which application threads were stopped: 0.0001455 seconds, Stopping threads took: 0.0000885 seconds
2015-10-14T15:05:56.295+0600: 23.254: Total time for which application threads were stopped: 0.0003183 seconds, Stopping threads took: 0.0002502 seconds
2015-10-14T15:05:56.296+0600: 23.255: Total time for which application threads were stopped: 0.0001276 seconds, Stopping threads took: 0.0000368 seconds
{Heap before GC invocations=6 (full 1):
 par new generation   total 109248K, used 108729K [0x00000007a0000000, 0x00000007a8000000, 0x00000007a8000000)
  eden space 87424K,  99% used [0x00000007a0000000, 0x00000007a555fb70, 0x00000007a5560000)
  from space 21824K,  97% used [0x00000007a5560000, 0x00000007a6a2ec80, 0x00000007a6ab0000)
  to   space 21824K,   0% used [0x00000007a6ab0000, 0x00000007a6ab0000, 0x00000007a8000000)
 concurrent mark-sweep generation total 393216K, used 0K [0x00000007a8000000, 0x00000007c0000000, 0x00000007c0000000)
 Metaspace       used 29449K, capacity 29858K, committed 30076K, reserved 1075200K
  class space    used 3518K, capacity 3666K, committed 3708K, reserved 1048576K
2015-10-14T15:05:56.380+0600: 23.339: [GC (Allocation Failure) 23.339: [ParNew
Desired survivor size 20112992 bytes, new threshold 8 (max 8)
- age   1:    1497168 bytes,    1497168 total
- age   2:    5757544 bytes,    7254712 total
- age   3:     188128 bytes,    7442840 total
- age   4:       2952 bytes,    7445792 total
- age   5:     623944 bytes,    8069736 total
- age   6:    2219248 bytes,   10288984 total
- age   7:    2437352 bytes,   12726336 total
: 108729K->17436K(109248K), 0.0206196 secs] 108729K->17436K(502464K), 0.0207187 secs] [Times: user=0.06 sys=0.00, real=0.02 secs] 
Heap after GC invocations=7 (full 1):
 par new generation   total 109248K, used 17436K [0x00000007a0000000, 0x00000007a8000000, 0x00000007a8000000)
  eden space 87424K,   0% used [0x00000007a0000000, 0x00000007a0000000, 0x00000007a5560000)
  from space 21824K,  79% used [0x00000007a6ab0000, 0x00000007a7bb71c8, 0x00000007a8000000)
  to   space 21824K,   0% used [0x00000007a5560000, 0x00000007a5560000, 0x00000007a6ab0000)
 concurrent mark-sweep generation total 393216K, used 0K [0x00000007a8000000, 0x00000007c0000000, 0x00000007c0000000)
 Metaspace       used 29449K, capacity 29858K, committed 30076K, reserved 1075200K
  class space    used 3518K, capacity 3666K, committed 3708K, reserved 1048576K
}
2015-10-14T15:05:56.401+0600: 23.360: Total time for which application threads were stopped: 0.0210484 seconds, Stopping threads took: 0.0000579 seconds
2015-10-14T15:05:56.428+0600: 23.387: Total time for which application threads were stopped: 0.0001509 seconds, Stopping threads took: 0.0000545 seconds
2015-10-14T15:05:56.428+0600: 23.387: Total time for which application threads were stopped: 0.0001242 seconds, Stopping threads took: 0.0000433 seconds
2015-10-14T15:05:56.430+0600: 23.389: Total time for which application threads were stopped: 0.0001537 seconds, Stopping threads took: 0.0000449 seconds
2015-10-14T15:05:56.430+0600: 23.389: Total time for which application threads were stopped: 0.0002676 seconds, Stopping threads took: 0.0001712 seconds
2015-10-14T15:05:56.431+0600: 23.390: Total time for which application threads were stopped: 0.0001753 seconds, Stopping threads took: 0.0001000 seconds
2015-10-14T15:05:56.431+0600: 23.390: Total time for which application threads were stopped: 0.0001620 seconds, Stopping threads took: 0.0000922 seconds
2015-10-14T15:05:56.436+0600: 23.395: Total time for which application threads were stopped: 0.0001417 seconds, Stopping threads took: 0.0000485 seconds
2015-10-14T15:05:56.500+0600: 23.459: Total time for which application threads were stopped: 0.0021671 seconds, Stopping threads took: 0.0019630 seconds
2015-10-14T15:05:56.505+0600: 23.464: Total time for which application threads were stopped: 0.0002364 seconds, Stopping threads took: 0.0000625 seconds
2015-10-14T15:05:56.518+0600: 23.477: Total time for which application threads were stopped: 0.0001768 seconds, Stopping threads took: 0.0000537 seconds
2015-10-14T15:05:56.524+0600: 23.483: Total time for which application threads were stopped: 0.0001773 seconds, Stopping threads took: 0.0000489 seconds
2015-10-14T15:05:56.524+0600: 23.483: Total time for which application threads were stopped: 0.0000944 seconds, Stopping threads took: 0.0000291 seconds
2015-10-14T15:05:56.524+0600: 23.483: Total time for which application threads were stopped: 0.0000873 seconds, Stopping threads took: 0.0000301 seconds
2015-10-14T15:05:56.537+0600: 23.496: Total time for which application threads were stopped: 0.0002754 seconds, Stopping threads took: 0.0001086 seconds
2015-10-14T15:05:56.549+0600: 23.508: Total time for which application threads were stopped: 0.0078295 seconds, Stopping threads took: 0.0076606 seconds
2015-10-14T15:05:56.565+0600: 23.524: Total time for which application threads were stopped: 0.0001911 seconds, Stopping threads took: 0.0000462 seconds
2015-10-14T15:05:56.566+0600: 23.525: Total time for which application threads were stopped: 0.0001454 seconds, Stopping threads took: 0.0000473 seconds
2015-10-14T15:05:56.579+0600: 23.538: Total time for which application threads were stopped: 0.0001663 seconds, Stopping threads took: 0.0000394 seconds
2015-10-14T15:05:56.605+0600: 23.564: Total time for which application threads were stopped: 0.0001695 seconds, Stopping threads took: 0.0000599 seconds
2015-10-14T15:05:56.605+0600: 23.564: Total time for which application threads were stopped: 0.0000949 seconds, Stopping threads took: 0.0000357 seconds
2015-10-14T15:05:56.606+0600: 23.565: Total time for which application threads were stopped: 0.0007290 seconds, Stopping threads took: 0.0006496 seconds
{Heap before GC invocations=7 (full 1):
 par new generation   total 109248K, used 104851K [0x00000007a0000000, 0x00000007a8000000, 0x00000007a8000000)
  eden space 87424K,  99% used [0x00000007a0000000, 0x00000007a555dcf8, 0x00000007a5560000)
  from space 21824K,  79% used [0x00000007a6ab0000, 0x00000007a7bb71c8, 0x00000007a8000000)
  to   space 21824K,   0% used [0x00000007a5560000, 0x00000007a5560000, 0x00000007a6ab0000)
 concurrent mark-sweep generation total 393216K, used 0K [0x00000007a8000000, 0x00000007c0000000, 0x00000007c0000000)
 Metaspace       used 29580K, capacity 30016K, committed 30332K, reserved 1075200K
  class space    used 3526K, capacity 3671K, committed 3708K, reserved 1048576K
2015-10-14T15:05:56.618+0600: 23.577: [GC (Allocation Failure) 23.577: [ParNew
Desired survivor size 20112992 bytes, new threshold 8 (max 8)
- age   1:    1034760 bytes,    1034760 total
- age   2:     357088 bytes,    1391848 total
- age   3:    5743032 bytes,    7134880 total
- age   4:     187816 bytes,    7322696 total
- age   5:       2952 bytes,    7325648 total
- age   6:     622880 bytes,    7948528 total
- age   7:    2218632 bytes,   10167160 total
- age   8:    2437248 bytes,   12604408 total
: 104851K->16295K(109248K), 0.0147959 secs] 104851K->16295K(502464K), 0.0148569 secs] [Times: user=0.05 sys=0.00, real=0.02 secs] 
Heap after GC invocations=8 (full 1):
 par new generation   total 109248K, used 16295K [0x00000007a0000000, 0x00000007a8000000, 0x00000007a8000000)
  eden space 87424K,   0% used [0x00000007a0000000, 0x00000007a0000000, 0x00000007a5560000)
  from space 21824K,  74% used [0x00000007a5560000, 0x00000007a6549ec0, 0x00000007a6ab0000)
  to   space 21824K,   0% used [0x00000007a6ab0000, 0x00000007a6ab0000, 0x00000007a8000000)
 concurrent mark-sweep generation total 393216K, used 0K [0x00000007a8000000, 0x00000007c0000000, 0x00000007c0000000)
 Metaspace       used 29580K, capacity 30016K, committed 30332K, reserved 1075200K
  class space    used 3526K, capacity 3671K, committed 3708K, reserved 1048576K
}
2015-10-14T15:05:56.633+0600: 23.592: Total time for which application threads were stopped: 0.0152019 seconds, Stopping threads took: 0.0000578 seconds
2015-10-14T15:05:56.647+0600: 23.606: Total time for which application threads were stopped: 0.0033245 seconds, Stopping threads took: 0.0031418 seconds
2015-10-14T15:05:56.654+0600: 23.613: Total time for which application threads were stopped: 0.0001522 seconds, Stopping threads took: 0.0000548 seconds
2015-10-14T15:05:56.656+0600: 23.615: Total time for which application threads were stopped: 0.0001456 seconds, Stopping threads took: 0.0000485 seconds
2015-10-14T15:05:56.668+0600: 23.627: Total time for which application threads were stopped: 0.0002177 seconds, Stopping threads took: 0.0000504 seconds
2015-10-14T15:05:56.669+0600: 23.628: Total time for which application threads were stopped: 0.0001262 seconds, Stopping threads took: 0.0000371 seconds
{Heap before GC invocations=8 (full 1):
 par new generation   total 109248K, used 103719K [0x00000007a0000000, 0x00000007a8000000, 0x00000007a8000000)
  eden space 87424K, 100% used [0x00000007a0000000, 0x00000007a5560000, 0x00000007a5560000)
  from space 21824K,  74% used [0x00000007a5560000, 0x00000007a6549ec0, 0x00000007a6ab0000)
  to   space 21824K,   0% used [0x00000007a6ab0000, 0x00000007a6ab0000, 0x00000007a8000000)
 concurrent mark-sweep generation total 393216K, used 0K [0x00000007a8000000, 0x00000007c0000000, 0x00000007c0000000)
 Metaspace       used 29609K, capacity 30028K, committed 30332K, reserved 1075200K
  class space    used 3527K, capacity 3673K, committed 3708K, reserved 1048576K
2015-10-14T15:05:56.709+0600: 23.667: [GC (Allocation Failure) 23.668: [ParNew
Desired survivor size 20112992 bytes, new threshold 8 (max 8)
- age   1:     930584 bytes,     930584 total
- age   2:     871280 bytes,    1801864 total
- age   3:     327656 bytes,    2129520 total
- age   4:    5691856 bytes,    7821376 total
- age   5:     187712 bytes,    8009088 total
- age   6:       2952 bytes,    8012040 total
- age   7:     622880 bytes,    8634920 total
- age   8:    2218792 bytes,   10853712 total
: 103719K->14968K(109248K), 0.0334782 secs] 103719K->17595K(502464K), 0.0335740 secs] [Times: user=0.08 sys=0.00, real=0.04 secs] 
Heap after GC invocations=9 (full 1):
 par new generation   total 109248K, used 14968K [0x00000007a0000000, 0x00000007a8000000, 0x00000007a8000000)
  eden space 87424K,   0% used [0x00000007a0000000, 0x00000007a0000000, 0x00000007a5560000)
  from space 21824K,  68% used [0x00000007a6ab0000, 0x00000007a794e350, 0x00000007a8000000)
  to   space 21824K,   0% used [0x00000007a5560000, 0x00000007a5560000, 0x00000007a6ab0000)
 concurrent mark-sweep generation total 393216K, used 2626K [0x00000007a8000000, 0x00000007c0000000, 0x00000007c0000000)
 Metaspace       used 29609K, capacity 30028K, committed 30332K, reserved 1075200K
  class space    used 3527K, capacity 3673K, committed 3708K, reserved 1048576K
}
2015-10-14T15:05:56.742+0600: 23.701: Total time for which application threads were stopped: 0.0338839 seconds, Stopping threads took: 0.0000469 seconds
2015-10-14T15:05:56.766+0600: 23.725: Total time for which application threads were stopped: 0.0001567 seconds, Stopping threads took: 0.0000465 seconds
2015-10-14T15:05:56.766+0600: 23.725: Total time for which application threads were stopped: 0.0001356 seconds, Stopping threads took: 0.0000434 seconds
2015-10-14T15:05:56.768+0600: 23.727: Total time for which application threads were stopped: 0.0003846 seconds, Stopping threads took: 0.0002806 seconds
2015-10-14T15:05:56.808+0600: 23.767: Total time for which application threads were stopped: 0.0002570 seconds, Stopping threads took: 0.0000732 seconds
2015-10-14T15:05:56.825+0600: 23.784: Total time for which application threads were stopped: 0.0002443 seconds, Stopping threads took: 0.0000812 seconds
2015-10-14T15:05:56.834+0600: 23.792: Total time for which application threads were stopped: 0.0001593 seconds, Stopping threads took: 0.0000466 seconds
2015-10-14T15:05:56.834+0600: 23.793: Total time for which application threads were stopped: 0.0000865 seconds, Stopping threads took: 0.0000233 seconds
2015-10-14T15:05:56.834+0600: 23.793: Total time for which application threads were stopped: 0.0000934 seconds, Stopping threads took: 0.0000310 seconds
2015-10-14T15:05:56.834+0600: 23.793: Total time for which application threads were stopped: 0.0000903 seconds, Stopping threads took: 0.0000263 seconds
2015-10-14T15:05:56.834+0600: 23.793: Total time for which application threads were stopped: 0.0001081 seconds, Stopping threads took: 0.0000399 seconds
2015-10-14T15:05:56.834+0600: 23.793: Total time for which application threads were stopped: 0.0000957 seconds, Stopping threads took: 0.0000300 seconds
2015-10-14T15:05:56.835+0600: 23.794: Total time for which application threads were stopped: 0.0001150 seconds, Stopping threads took: 0.0000480 seconds
2015-10-14T15:05:56.846+0600: 23.805: Total time for which application threads were stopped: 0.0003161 seconds, Stopping threads took: 0.0000839 seconds
2015-10-14T15:05:56.846+0600: 23.805: Total time for which application threads were stopped: 0.0002009 seconds, Stopping threads took: 0.0000291 seconds
2015-10-14T15:05:56.847+0600: 23.806: Total time for which application threads were stopped: 0.0001678 seconds, Stopping threads took: 0.0000274 seconds
2015-10-14T15:05:56.852+0600: 23.811: Total time for which application threads were stopped: 0.0001443 seconds, Stopping threads took: 0.0000438 seconds
2015-10-14T15:05:56.853+0600: 23.812: Total time for which application threads were stopped: 0.0002184 seconds, Stopping threads took: 0.0000423 seconds
2015-10-14T15:05:56.866+0600: 23.825: Total time for which application threads were stopped: 0.0001555 seconds, Stopping threads took: 0.0000466 seconds
2015-10-14T15:05:56.866+0600: 23.825: Total time for which application threads were stopped: 0.0000847 seconds, Stopping threads took: 0.0000274 seconds
2015-10-14T15:05:56.867+0600: 23.826: Total time for which application threads were stopped: 0.0000996 seconds, Stopping threads took: 0.0000362 seconds
2015-10-14T15:05:56.867+0600: 23.826: Total time for which application threads were stopped: 0.0000796 seconds, Stopping threads took: 0.0000336 seconds
2015-10-14T15:05:56.867+0600: 23.826: Total time for which application threads were stopped: 0.0001188 seconds, Stopping threads took: 0.0000385 seconds
2015-10-14T15:05:56.867+0600: 23.826: Total time for which application threads were stopped: 0.0000644 seconds, Stopping threads took: 0.0000239 seconds
2015-10-14T15:05:56.868+0600: 23.827: Total time for which application threads were stopped: 0.0000990 seconds, Stopping threads took: 0.0000303 seconds
2015-10-14T15:05:56.868+0600: 23.827: Total time for which application threads were stopped: 0.0001458 seconds, Stopping threads took: 0.0000891 seconds
2015-10-14T15:05:56.868+0600: 23.827: Total time for which application threads were stopped: 0.0001138 seconds, Stopping threads took: 0.0000319 seconds
2015-10-14T15:05:56.868+0600: 23.827: Total time for which application threads were stopped: 0.0001500 seconds, Stopping threads took: 0.0000745 seconds
2015-10-14T15:05:56.868+0600: 23.827: Total time for which application threads were stopped: 0.0001060 seconds, Stopping threads took: 0.0000447 seconds
2015-10-14T15:05:56.869+0600: 23.828: Total time for which application threads were stopped: 0.0000877 seconds, Stopping threads took: 0.0000253 seconds
2015-10-14T15:05:56.869+0600: 23.828: Total time for which application threads were stopped: 0.0001891 seconds, Stopping threads took: 0.0000871 seconds
2015-10-14T15:05:56.870+0600: 23.829: Total time for which application threads were stopped: 0.0001002 seconds, Stopping threads took: 0.0000299 seconds
2015-10-14T15:05:56.870+0600: 23.829: Total time for which application threads were stopped: 0.0001756 seconds, Stopping threads took: 0.0000398 seconds
2015-10-14T15:05:56.878+0600: 23.836: Total time for which application threads were stopped: 0.0001292 seconds, Stopping threads took: 0.0000473 seconds
2015-10-14T15:05:56.889+0600: 23.848: Total time for which application threads were stopped: 0.0001403 seconds, Stopping threads took: 0.0000484 seconds
2015-10-14T15:05:56.890+0600: 23.849: Total time for which application threads were stopped: 0.0000773 seconds, Stopping threads took: 0.0000127 seconds
2015-10-14T15:05:56.890+0600: 23.849: Total time for which application threads were stopped: 0.0000683 seconds, Stopping threads took: 0.0000103 seconds
2015-10-14T15:05:56.890+0600: 23.849: Total time for which application threads were stopped: 0.0000691 seconds, Stopping threads took: 0.0000263 seconds
2015-10-14T15:05:56.890+0600: 23.849: Total time for which application threads were stopped: 0.0000588 seconds, Stopping threads took: 0.0000230 seconds
2015-10-14T15:05:56.890+0600: 23.849: Total time for which application threads were stopped: 0.0000487 seconds, Stopping threads took: 0.0000099 seconds
2015-10-14T15:05:56.891+0600: 23.849: Total time for which application threads were stopped: 0.0000452 seconds, Stopping threads took: 0.0000085 seconds
2015-10-14T15:05:56.891+0600: 23.850: Total time for which application threads were stopped: 0.0000418 seconds, Stopping threads took: 0.0000077 seconds
2015-10-14T15:05:56.891+0600: 23.850: Total time for which application threads were stopped: 0.0000494 seconds, Stopping threads took: 0.0000100 seconds
2015-10-14T15:05:56.891+0600: 23.850: Total time for which application threads were stopped: 0.0000418 seconds, Stopping threads took: 0.0000079 seconds
2015-10-14T15:05:56.891+0600: 23.850: Total time for which application threads were stopped: 0.0000413 seconds, Stopping threads took: 0.0000076 seconds
2015-10-14T15:05:56.891+0600: 23.850: Total time for which application threads were stopped: 0.0000444 seconds, Stopping threads took: 0.0000071 seconds
2015-10-14T15:05:56.891+0600: 23.850: Total time for which application threads were stopped: 0.0000434 seconds, Stopping threads took: 0.0000077 seconds
2015-10-14T15:05:56.895+0600: 23.854: Total time for which application threads were stopped: 0.0001199 seconds, Stopping threads took: 0.0000482 seconds
2015-10-14T15:05:56.895+0600: 23.854: Total time for which application threads were stopped: 0.0000779 seconds, Stopping threads took: 0.0000332 seconds
2015-10-14T15:05:56.896+0600: 23.854: Total time for which application threads were stopped: 0.0000753 seconds, Stopping threads took: 0.0000348 seconds
2015-10-14T15:05:56.902+0600: 23.861: Total time for which application threads were stopped: 0.0001127 seconds, Stopping threads took: 0.0000360 seconds
2015-10-14T15:05:56.902+0600: 23.861: Total time for which application threads were stopped: 0.0000644 seconds, Stopping threads took: 0.0000230 seconds
2015-10-14T15:05:56.911+0600: 23.870: Total time for which application threads were stopped: 0.0001153 seconds, Stopping threads took: 0.0000297 seconds
2015-10-14T15:05:56.911+0600: 23.870: Total time for which application threads were stopped: 0.0000656 seconds, Stopping threads took: 0.0000228 seconds
2015-10-14T15:05:56.911+0600: 23.870: Total time for which application threads were stopped: 0.0000408 seconds, Stopping threads took: 0.0000083 seconds
2015-10-14T15:05:56.912+0600: 23.870: Total time for which application threads were stopped: 0.0000549 seconds, Stopping threads took: 0.0000218 seconds
2015-10-14T15:05:56.912+0600: 23.871: Total time for which application threads were stopped: 0.0000562 seconds, Stopping threads took: 0.0000086 seconds
2015-10-14T15:05:56.912+0600: 23.871: Total time for which application threads were stopped: 0.0000436 seconds, Stopping threads took: 0.0000082 seconds
2015-10-14T15:06:38.680+0600: 65.640: Total time for which application threads were stopped: 0.0001783 seconds, Stopping threads took: 0.0000402 seconds
2015-10-14T15:07:53.709+0600: 140.670: Total time for which application threads were stopped: 0.0001085 seconds, Stopping threads took: 0.0000335 seconds
2015-10-14T15:07:53.709+0600: 140.670: Total time for which application threads were stopped: 0.0000515 seconds, Stopping threads took: 0.0000084 seconds
2015-10-14T15:07:53.710+0600: 140.671: Total time for which application threads were stopped: 0.0000871 seconds, Stopping threads took: 0.0000301 seconds
2015-10-14T15:07:53.710+0600: 140.671: Total time for which application threads were stopped: 0.0001007 seconds, Stopping threads took: 0.0000408 seconds
2015-10-14T15:07:53.710+0600: 140.672: Total time for which application threads were stopped: 0.0000756 seconds, Stopping threads took: 0.0000349 seconds
2015-10-14T15:07:53.734+0600: 140.695: Total time for which application threads were stopped: 0.0001083 seconds, Stopping threads took: 0.0000375 seconds
2015-10-14T15:07:53.764+0600: 140.726: Total time for which application threads were stopped: 0.0000820 seconds, Stopping threads took: 0.0000159 seconds
2015-10-14T15:07:53.765+0600: 140.726: Total time for which application threads were stopped: 0.0000382 seconds, Stopping threads took: 0.0000069 seconds
2015-10-14T15:07:53.768+0600: 140.730: Total time for which application threads were stopped: 0.0000628 seconds, Stopping threads took: 0.0000114 seconds
2015-10-14T15:07:53.768+0600: 140.730: Total time for which application threads were stopped: 0.0000526 seconds, Stopping threads took: 0.0000133 seconds
2015-10-14T15:07:53.768+0600: 140.730: Total time for which application threads were stopped: 0.0000415 seconds, Stopping threads took: 0.0000070 seconds
2015-10-14T15:07:53.769+0600: 140.730: Total time for which application threads were stopped: 0.0000408 seconds, Stopping threads took: 0.0000095 seconds
2015-10-14T15:07:53.769+0600: 140.731: Total time for which application threads were stopped: 0.0000371 seconds, Stopping threads took: 0.0000060 seconds
2015-10-14T15:07:53.769+0600: 140.731: Total time for which application threads were stopped: 0.0000460 seconds, Stopping threads took: 0.0000086 seconds
2015-10-14T15:07:54.772+0600: 141.734: Total time for which application threads were stopped: 0.0002186 seconds, Stopping threads took: 0.0000535 seconds
2015-10-14T15:07:55.735+0600: 142.697: Total time for which application threads were stopped: 0.0001272 seconds, Stopping threads took: 0.0000561 seconds
2015-10-14T15:07:57.385+0600: 144.347: Total time for which application threads were stopped: 0.0000844 seconds, Stopping threads took: 0.0000176 seconds
2015-10-14T15:07:58.397+0600: 145.359: Total time for which application threads were stopped: 0.0002957 seconds, Stopping threads took: 0.0000590 seconds
2015-10-14T15:07:59.423+0600: 146.384: Total time for which application threads were stopped: 0.0000796 seconds, Stopping threads took: 0.0000159 seconds
2015-10-14T15:07:59.423+0600: 146.385: Total time for which application threads were stopped: 0.0000641 seconds, Stopping threads took: 0.0000253 seconds
2015-10-14T15:07:59.424+0600: 146.386: Total time for which application threads were stopped: 0.0001421 seconds, Stopping threads took: 0.0000560 seconds
2015-10-14T15:08:05.448+0600: 152.410: Total time for which application threads were stopped: 0.0002845 seconds, Stopping threads took: 0.0000569 seconds
2015-10-14T15:08:07.455+0600: 154.417: Total time for which application threads were stopped: 0.0002918 seconds, Stopping threads took: 0.0001074 seconds
2015-10-14T15:08:10.721+0600: 157.683: Total time for which application threads were stopped: 0.0001257 seconds, Stopping threads took: 0.0000404 seconds
2015-10-14T15:08:10.721+0600: 157.683: Total time for which application threads were stopped: 0.0000597 seconds, Stopping threads took: 0.0000238 seconds
2015-10-14T15:08:10.725+0600: 157.687: Total time for which application threads were stopped: 0.0000814 seconds, Stopping threads took: 0.0000155 seconds
2015-10-14T15:08:10.726+0600: 157.687: Total time for which application threads were stopped: 0.0000527 seconds, Stopping threads took: 0.0000106 seconds
2015-10-14T15:09:07.896+0600: 214.859: Total time for which application threads were stopped: 0.0001937 seconds, Stopping threads took: 0.0000514 seconds
2015-10-14T15:09:50.727+0600: 257.691: Total time for which application threads were stopped: 0.0001922 seconds, Stopping threads took: 0.0000384 seconds
2015-10-14T15:09:50.727+0600: 257.692: Total time for which application threads were stopped: 0.0001023 seconds, Stopping threads took: 0.0000129 seconds
2015-10-14T15:10:32.837+0600: 299.802: Total time for which application threads were stopped: 0.0001157 seconds, Stopping threads took: 0.0000289 seconds
2015-10-14T15:15:52.786+0600: 619.758: Total time for which application threads were stopped: 0.0003033 seconds, Stopping threads took: 0.0000774 seconds
2015-10-14T15:18:08.207+0600: 755.182: Total time for which application threads were stopped: 0.0003684 seconds, Stopping threads took: 0.0000851 seconds
2015-10-14T15:18:41.153+0600: 788.129: Total time for which application threads were stopped: 0.0001645 seconds, Stopping threads took: 0.0000530 seconds
2015-10-14T15:18:41.153+0600: 788.129: Total time for which application threads were stopped: 0.0000793 seconds, Stopping threads took: 0.0000135 seconds
2015-10-14T15:18:41.154+0600: 788.130: Total time for which application threads were stopped: 0.0001154 seconds, Stopping threads took: 0.0000358 seconds
2015-10-14T15:18:42.159+0600: 789.135: Total time for which application threads were stopped: 0.0003268 seconds, Stopping threads took: 0.0000631 seconds
2015-10-14T15:18:48.496+0600: 795.473: Total time for which application threads were stopped: 0.0000875 seconds, Stopping threads took: 0.0000173 seconds
2015-10-14T15:18:48.497+0600: 795.473: Total time for which application threads were stopped: 0.0000403 seconds, Stopping threads took: 0.0000071 seconds
2015-10-14T15:18:48.499+0600: 795.475: Total time for which application threads were stopped: 0.0001051 seconds, Stopping threads took: 0.0000344 seconds
2015-10-14T15:20:21.197+0600: 888.175: Total time for which application threads were stopped: 0.0000910 seconds, Stopping threads took: 0.0000168 seconds
2015-10-14T15:20:28.507+0600: 895.485: Total time for which application threads were stopped: 0.0001461 seconds, Stopping threads took: 0.0000251 seconds
2015-10-14T15:20:33.127+0600: 900.106: Total time for which application threads were stopped: 0.0000771 seconds, Stopping threads took: 0.0000159 seconds
2015-10-14T15:20:33.128+0600: 900.129: Total time for which application threads were stopped: 0.0233439 seconds, Stopping threads took: 0.0000065 seconds
2015-10-14T15:20:33.151+0600: 900.130: Total time for which application threads were stopped: 0.0000994 seconds, Stopping threads took: 0.0000187 seconds
2015-10-14T15:20:33.152+0600: 900.130: Total time for which application threads were stopped: 0.0000563 seconds, Stopping threads took: 0.0000139 seconds
2015-10-14T15:20:33.158+0600: 900.136: Total time for which application threads were stopped: 0.0001048 seconds, Stopping threads took: 0.0000389 seconds
2015-10-14T15:20:33.158+0600: 900.136: Total time for which application threads were stopped: 0.0000503 seconds, Stopping threads took: 0.0000104 seconds
2015-10-14T15:20:33.159+0600: 900.138: Total time for which application threads were stopped: 0.0000449 seconds, Stopping threads took: 0.0000077 seconds
2015-10-14T15:20:34.989+0600: 901.967: Total time for which application threads were stopped: 0.0000788 seconds, Stopping threads took: 0.0000171 seconds
2015-10-14T15:20:34.989+0600: 901.968: Total time for which application threads were stopped: 0.0000502 seconds, Stopping threads took: 0.0000101 seconds
2015-10-14T15:20:34.990+0600: 901.968: Total time for which application threads were stopped: 0.0000820 seconds, Stopping threads took: 0.0000102 seconds
2015-10-14T15:20:34.991+0600: 901.969: Total time for which application threads were stopped: 0.0000974 seconds, Stopping threads took: 0.0000346 seconds
2015-10-14T15:20:34.991+0600: 901.970: Total time for which application threads were stopped: 0.0000830 seconds, Stopping threads took: 0.0000390 seconds
2015-10-14T15:20:35.071+0600: 902.049: Total time for which application threads were stopped: 0.0001318 seconds, Stopping threads took: 0.0000507 seconds
2015-10-14T15:20:35.071+0600: 902.050: Total time for which application threads were stopped: 0.0000763 seconds, Stopping threads took: 0.0000338 seconds
2015-10-14T15:20:35.073+0600: 902.051: Total time for which application threads were stopped: 0.0001212 seconds, Stopping threads took: 0.0000529 seconds
2015-10-14T15:20:35.076+0600: 902.055: Total time for which application threads were stopped: 0.0001693 seconds, Stopping threads took: 0.0000736 seconds
2015-10-14T15:20:37.081+0600: 904.060: Total time for which application threads were stopped: 0.0001310 seconds, Stopping threads took: 0.0000384 seconds
2015-10-14T15:22:04.276+0600: 991.257: Total time for which application threads were stopped: 0.0001305 seconds, Stopping threads took: 0.0000651 seconds
2015-10-14T15:22:04.276+0600: 991.257: Total time for which application threads were stopped: 0.0000524 seconds, Stopping threads took: 0.0000096 seconds
2015-10-14T15:22:04.276+0600: 991.257: Total time for which application threads were stopped: 0.0000412 seconds, Stopping threads took: 0.0000069 seconds
2015-10-14T15:22:04.277+0600: 991.258: Total time for which application threads were stopped: 0.0000590 seconds, Stopping threads took: 0.0000088 seconds
2015-10-14T15:22:04.330+0600: 991.311: Total time for which application threads were stopped: 0.0001786 seconds, Stopping threads took: 0.0000672 seconds
2015-10-14T15:22:04.331+0600: 991.311: Total time for which application threads were stopped: 0.0000836 seconds, Stopping threads took: 0.0000155 seconds
2015-10-14T15:22:04.332+0600: 991.313: Total time for which application threads were stopped: 0.0001716 seconds, Stopping threads took: 0.0000565 seconds
2015-10-14T15:22:04.333+0600: 991.313: Total time for which application threads were stopped: 0.0001676 seconds, Stopping threads took: 0.0000793 seconds
2015-10-14T15:22:04.333+0600: 991.313: Total time for which application threads were stopped: 0.0001436 seconds, Stopping threads took: 0.0000546 seconds
2015-10-14T15:22:04.333+0600: 991.314: Total time for which application threads were stopped: 0.0000846 seconds, Stopping threads took: 0.0000138 seconds
2015-10-14T15:22:04.333+0600: 991.314: Total time for which application threads were stopped: 0.0001362 seconds, Stop